******************************************************************************
                  TI ARM Linker Unix v20.2.5                   
******************************************************************************
>> Linked Tue Nov  9 10:48:29 2021

OUTPUT FILE NAME:   <empty_CC2650STK_TI.out>
ENTRY POINT SYMBOL: "ResetISR"  address: 00005f99


MEMORY CONFIGURATION

         name            origin    length      used     unused   attr    fill
----------------------  --------  ---------  --------  --------  ----  --------
  FLASH                 00000000   00020000  00007664  0001899c  R  X
  SRAM                  20000000   00005000  00002585  00002a7b  RW X


SEGMENT ALLOCATION MAP

run origin  load origin   length   init length attrs members
----------  ----------- ---------- ----------- ----- -------
00000000    00000000    0000003c   0000003c    r--
  00000000    00000000    0000003c   0000003c    r-- .resetVecs
00000100    00000100    000075e0   000075e0    r-x
  00000100    00000100    0000003c   0000003c    r-- .const:ti_sysbios_knl_Task_Object__PARAMS__C
  0000013c    0000013c    00000034   00000034    r-- .const:ti_sysbios_knl_Mailbox_Object__PARAMS__C
  00000170    00000170    00000030   00000030    r-- .const:ti_sysbios_family_arm_m3_Hwi_Object__PARAMS__C
  000001a0    000001a0    0000002c   0000002c    r-- .const:ti_sysbios_hal_Hwi_Object__PARAMS__C
  000001cc    000001cc    00000028   00000028    r-- .const:ti_sysbios_heaps_HeapMem_Module__FXNS__C
  000001f4    000001f4    00000028   00000028    r-- .const:ti_sysbios_knl_Swi_Object__PARAMS__C
  0000021c    0000021c    00000024   00000024    r-- .const:ti_sysbios_gates_GateHwi_Module__FXNS__C
  00000240    00000240    00000024   00000024    r-- .const:ti_sysbios_gates_GateMutex_Module__FXNS__C
  00000264    00000264    00000024   00000024    r-- .const:ti_sysbios_heaps_HeapMem_Object__PARAMS__C
  00000288    00000288    00000024   00000024    r-- .const:ti_sysbios_knl_Clock_Object__PARAMS__C
  000002ac    000002ac    00000024   00000024    r-- .const:ti_sysbios_knl_Semaphore_Object__PARAMS__C
  000002d0    000002d0    00000020   00000020    r-- .const:ti_sysbios_family_arm_m3_Hwi_Object__DESC__C
  000002f0    000002f0    00000020   00000020    r-- .const:ti_sysbios_gates_GateHwi_Object__DESC__C
  00000310    00000310    00000020   00000020    r-- .const:ti_sysbios_gates_GateMutex_Object__DESC__C
  00000330    00000330    00000020   00000020    r-- .const:ti_sysbios_hal_Hwi_Object__DESC__C
  00000350    00000350    00000020   00000020    r-- .const:ti_sysbios_heaps_HeapMem_Object__DESC__C
  00000370    00000370    00000020   00000020    r-- .const:ti_sysbios_knl_Clock_Object__DESC__C
  00000390    00000390    00000020   00000020    r-- .const:ti_sysbios_knl_Mailbox_Object__DESC__C
  000003b0    000003b0    00000020   00000020    r-- .const:ti_sysbios_knl_Queue_Object__DESC__C
  000003d0    000003d0    00000020   00000020    r-- .const:ti_sysbios_knl_Semaphore_Object__DESC__C
  000003f0    000003f0    00000020   00000020    r-- .const:ti_sysbios_knl_Swi_Object__DESC__C
  00000410    00000410    00000020   00000020    r-- .const:ti_sysbios_knl_Task_Object__DESC__C
  00000430    00000430    00000018   00000018    r-- .const:ti_sysbios_gates_GateHwi_Object__PARAMS__C
  00000448    00000448    00000018   00000018    r-- .const:ti_sysbios_gates_GateMutex_Object__PARAMS__C
  00000460    00000460    00000018   00000018    r-- .const:ti_sysbios_knl_Queue_Object__PARAMS__C
  00000478    00000478    00000008   00000008    r-- .const:ti_sysbios_knl_Idle_funcList__C
  00000484    00000484    00000004   00000004    r-- .const:ti_sysbios_family_arm_cc26xx_Timer_startupNeeded__C
  00000488    00000488    00000004   00000004    r-- .const:ti_sysbios_family_arm_m3_Hwi_E_alreadyDefined__C
  0000048c    0000048c    00000004   00000004    r-- .const:ti_sysbios_family_arm_m3_Hwi_E_hwiLimitExceeded__C
  00000490    00000490    00000004   00000004    r-- .const:ti_sysbios_family_arm_m3_Hwi_NUM_INTERRUPTS__C
  00000494    00000494    00000004   00000004    r-- .const:ti_sysbios_family_arm_m3_Hwi_Object__count__C
  00000498    00000498    00000004   00000004    r-- .const:ti_sysbios_family_arm_m3_Hwi_Object__table__C
  0000049c    0000049c    00000004   00000004    r-- .const:ti_sysbios_family_arm_m3_Hwi_ccr__C
  000004a0    000004a0    00000004   00000004    r-- .const:ti_sysbios_family_arm_m3_Hwi_excHandlerFunc__C
  000004a4    000004a4    00000004   00000004    r-- .const:ti_sysbios_family_arm_m3_Hwi_nullIsrFunc__C
  000004a8    000004a8    00000004   00000004    r-- .const:ti_sysbios_family_arm_m3_Hwi_numSparseInterrupts__C
  000004ac    000004ac    00000004   00000004    r-- .const:ti_sysbios_family_arm_m3_Hwi_priGroup__C
  000004b0    000004b0    00000004   00000004    r-- .const:ti_sysbios_family_arm_m3_TaskSupport_stackAlignment__C
  000004b4    000004b4    00000004   00000004    r-- .const:ti_sysbios_heaps_HeapMem_E_memory__C
  000004b8    000004b8    00000004   00000004    r-- .const:ti_sysbios_heaps_HeapMem_Module__gateObj__C
  000004bc    000004bc    00000004   00000004    r-- .const:ti_sysbios_heaps_HeapMem_Object__count__C
  000004c0    000004c0    00000004   00000004    r-- .const:ti_sysbios_heaps_HeapMem_Object__table__C
  000004c4    000004c4    00000004   00000004    r-- .const:ti_sysbios_heaps_HeapMem_reqAlign__C
  000004c8    000004c8    00000004   00000004    r-- .const:ti_sysbios_knl_Clock_serviceMargin__C
  000004cc    000004cc    00000004   00000004    r-- .const:ti_sysbios_knl_Mailbox_Object__count__C
  000004d0    000004d0    00000004   00000004    r-- .const:ti_sysbios_knl_Mailbox_Object__table__C
  000004d4    000004d4    00000004   00000004    r-- .const:ti_sysbios_knl_Queue_Object__count__C
  000004d8    000004d8    00000004   00000004    r-- .const:ti_sysbios_knl_Queue_Object__table__C
  000004dc    000004dc    00000004   00000004    r-- .const:ti_sysbios_knl_Swi_Object__count__C
  000004e0    000004e0    00000004   00000004    r-- .const:ti_sysbios_knl_Swi_Object__table__C
  000004e4    000004e4    00000004   00000004    r-- .const:ti_sysbios_knl_Swi_numPriorities__C
  000004e8    000004e8    00000004   00000004    r-- .const:ti_sysbios_knl_Task_Object__count__C
  000004ec    000004ec    00000004   00000004    r-- .const:ti_sysbios_knl_Task_Object__table__C
  000004f0    000004f0    00000004   00000004    r-- .const:ti_sysbios_knl_Task_allBlockedFunc__C
  000004f4    000004f4    00000004   00000004    r-- .const:ti_sysbios_knl_Task_defaultStackHeap__C
  000004f8    000004f8    00000004   00000004    r-- .const:ti_sysbios_knl_Task_defaultStackSize__C
  000004fc    000004fc    00000004   00000004    r-- .const:ti_sysbios_knl_Task_numConstructedTasks__C
  00000502    00000502    00000002   00000002    r-- .const:ti_sysbios_family_arm_cc26xx_Timer_Module__id__C
  00000504    00000504    00000002   00000002    r-- .const:ti_sysbios_family_arm_cc26xx_TimestampProvider_useClockTimer__C
  00000506    00000506    00000002   00000002    r-- .const:ti_sysbios_family_arm_m3_Hwi_Module__id__C
  00000508    00000508    00000002   00000002    r-- .const:ti_sysbios_gates_GateHwi_Module__id__C
  0000050a    0000050a    00000002   00000002    r-- .const:ti_sysbios_gates_GateMutex_Module__id__C
  0000050c    0000050c    00000002   00000002    r-- .const:ti_sysbios_heaps_HeapMem_Module__id__C
  0000050e    0000050e    00000002   00000002    r-- .const:ti_sysbios_knl_Task_initStackFlag__C
  00000510    00000510    00000001   00000001    r-- .const:ti_sysbios_knl_Clock_tickMode__C
  00000514    00000514    00000008   00000008    r-- .const:xdc_runtime_Startup_firstFxns__C
  0000051c    0000051c    00000008   00000008    r-- .const:xdc_runtime_Startup_lastFxns__C
  00000524    00000524    00000004   00000004    r-- .const:xdc_runtime_Assert_E_assertFailed__C
  00000528    00000528    00000004   00000004    r-- .const:xdc_runtime_Error_E_memory__C
  0000052c    0000052c    00000004   00000004    r-- .const:xdc_runtime_Error_policyFxn__C
  00000530    00000530    00000004   00000004    r-- .const:xdc_runtime_IGateProvider_Interface__BASE__C
  00000534    00000534    00000004   00000004    r-- .const:xdc_runtime_IHeap_Interface__BASE__C
  00000538    00000538    00000004   00000004    r-- .const:xdc_runtime_IModule_Interface__BASE__C
  0000053c    0000053c    00000004   00000004    r-- .const:xdc_runtime_Main_Module__diagsEnabled__C
  00000540    00000540    00000004   00000004    r-- .const:xdc_runtime_Main_Module__diagsIncluded__C
  00000544    00000544    00000004   00000004    r-- .const:xdc_runtime_Main_Module__diagsMask__C
  00000548    00000548    00000004   00000004    r-- .const:xdc_runtime_Memory_defaultHeapInstance__C
  0000054c    0000054c    00000004   00000004    r-- .const:xdc_runtime_Startup_execImpl__C
  00000550    00000550    00000004   00000004    r-- .const:xdc_runtime_Startup_maxPasses__C
  00000554    00000554    00000004   00000004    r-- .const:xdc_runtime_Startup_sfxnRts__C
  00000558    00000558    00000004   00000004    r-- .const:xdc_runtime_Startup_sfxnTab__C
  0000055c    0000055c    00000004   00000004    r-- .const:xdc_runtime_Startup_startModsFxn__C
  00000560    00000560    00000004   00000004    r-- .const:xdc_runtime_SysCallback_abortFxn__C
  00000564    00000564    00000004   00000004    r-- .const:xdc_runtime_SysCallback_exitFxn__C
  00000568    00000568    00000004   00000004    r-- .const:xdc_runtime_System_abortFxn__C
  0000056c    0000056c    00000004   00000004    r-- .const:xdc_runtime_System_exitFxn__C
  00000570    00000570    00000004   00000004    r-- .const:xdc_runtime_System_maxAtexitHandlers__C
  00000574    00000574    00000004   00000004    r-- .const:xdc_runtime_Text_charTab__C
  00000578    00000578    00000004   00000004    r-- .const:xdc_runtime_Text_nameEmpty__C
  0000057c    0000057c    00000004   00000004    r-- .const:xdc_runtime_Text_nameStatic__C
  00000580    00000580    00000004   00000004    r-- .const:xdc_runtime_Text_nameUnknown__C
  00000584    00000584    00000002   00000002    r-- .const:xdc_runtime_Main_Module__id__C
  00000586    00000586    00000002   00000002    r-- .const:xdc_runtime_Memory_Module__id__C
  00000588    00000588    00000002   00000002    r-- .const:xdc_runtime_Text_charCnt__C
  0000058a    0000058a    00000002   00000002    r-- .const:xdc_runtime_Text_isLoaded__C
  0000058c    0000058c    00000001   00000001    r-- .const:xdc_runtime_Error_policy__C
  00000590    00000590    00000004   00000004    r-- .const:ti_sysbios_rom_ROM_AONRTCChannelEnable
  00000594    00000594    00000004   00000004    r-- .const:ti_sysbios_rom_ROM_AONRTCCompareValueSet
  00000598    00000598    00000004   00000004    r-- .const:ti_sysbios_rom_ROM_AONRTCCurrentCompareValueGet
  0000059c    0000059c    00000004   00000004    r-- .const:ti_sysbios_rom_ROM_AONRTCEventClear
  000005a0    000005a0    00000004   00000004    r-- .const:ti_sysbios_rom_ROM_ti_sysbios_family_arm_cc26xx_Timer_getCount64__E
  000005a4    000005a4    00000004   00000004    r-- .const:ti_sysbios_rom_ROM_ti_sysbios_family_arm_cc26xx_Timer_getCurrentTick__E
  000005a8    000005a8    00000004   00000004    r-- .const:ti_sysbios_rom_ROM_ti_sysbios_family_arm_cc26xx_Timer_getMaxTicks__E
  000005ac    000005ac    00000004   00000004    r-- .const:ti_sysbios_rom_ROM_ti_sysbios_family_arm_cc26xx_Timer_initDevice__I
  000005b0    000005b0    00000004   00000004    r-- .const:ti_sysbios_rom_ROM_ti_sysbios_family_arm_cc26xx_Timer_setNextTick__E
  000005b4    000005b4    00000004   00000004    r-- .const:ti_sysbios_rom_ROM_ti_sysbios_family_arm_cc26xx_Timer_setThreshold__I
  000005b8    000005b8    00000004   00000004    r-- .const:ti_sysbios_rom_ROM_ti_sysbios_family_arm_cc26xx_Timer_start__E
  000005bc    000005bc    00000004   00000004    r-- .const:ti_sysbios_rom_ROM_ti_sysbios_family_arm_cc26xx_TimestampProvider_get32__E
  000005c0    000005c0    00000004   00000004    r-- .const:ti_sysbios_rom_ROM_xdc_runtime_Startup_getState__I
  000005c4    000005c4    00000004   00000004    r-- .const:ti_sysbios_rom_ROM_xdc_runtime_System_SupportProxy_abort__E
  000005c8    000005c8    00000004   00000004    r-- .const:ti_sysbios_rom_ROM_xdc_runtime_System_SupportProxy_exit__E
  000005cc    000005cc    00000004   00000004    r-- .const:ti_sysbios_gates_GateMutex_Instance_State_sem__O
  000005d0    000005d0    00000004   00000004    r-- .const:ti_sysbios_knl_Clock_Module_State_clockQ__O
  000005d4    000005d4    00000004   00000004    r-- .const:ti_sysbios_knl_Mailbox_Instance_State_dataQue__O
  000005d8    000005d8    00000004   00000004    r-- .const:ti_sysbios_knl_Mailbox_Instance_State_dataSem__O
  000005dc    000005dc    00000004   00000004    r-- .const:ti_sysbios_knl_Mailbox_Instance_State_freeQue__O
  000005e0    000005e0    00000004   00000004    r-- .const:ti_sysbios_knl_Mailbox_Instance_State_freeSem__O
  000005e4    000005e4    00000004   00000004    r-- .const:ti_sysbios_knl_Semaphore_Instance_State_pendQ__O
  000005e8    000005e8    00000004   00000004    r-- .const:ti_sysbios_knl_Task_Module_State_inactiveQ__O
  000005ec    000005ec    00006ad8   00006ad8    r-x .text
  000070c8    000070c8    00000380   00000380    r-- .const
  00007448    00007448    00000298   00000298    r-- .cinit
0001ffa8    0001ffa8    00000058   00000058    r--
  0001ffa8    0001ffa8    00000058   00000058    r-- .ccfg
20000100    20000100    000021c6   00000000    rw-
  20000100    20000100    00000044   00000000    rw- .data:ti_sysbios_knl_Task_Module__state__V
  20000144    20000144    00000034   00000000    rw- .data:ti_sysbios_family_arm_m3_Hwi_Module__state__V
  20000178    20000178    0000002c   00000000    rw- .data:ti_sysbios_knl_Clock_Module__state__V
  200001a4    200001a4    00000024   00000000    rw- .data:ti_sysbios_BIOS_Module__state__V
  200001c8    200001c8    0000001c   00000000    rw- .data:ti_sysbios_knl_Swi_Module__state__V
  200001e4    200001e4    00000008   00000000    rw- .data:ti_sysbios_family_arm_cc26xx_Timer_Module__state__V
  200001ec    200001ec    00000004   00000000    rw- .data:ti_sysbios_family_arm_cc26xx_TimestampProvider_Module__state__V
  200001f0    200001f0    00000008   00000000    rw- .data:xdc_runtime_Startup_Module__state__V
  200001f8    200001f8    00000008   00000000    rw- .data:xdc_runtime_System_Module__state__V
  20000200    20000200    00000004   00000000    rw- .data:xdc_runtime_Memory_Module__state__V
  20000208    20000208    00001ca3   00000000    rw- .bss
  20001eb0    20001eb0    00000416   00000000    rw- .data
20004d00    20004d00    00000300   00000000    rw-
  20004d00    20004d00    00000300   00000000    rw- .stack


SECTION ALLOCATION MAP

 output                                  attributes/
section   page    origin      length       input sections
--------  ----  ----------  ----------   ----------------
.text      0    000005ec    00006ad8     
                  000005ec    00000a4e     rtsv7M3_T_le_eabi.lib : _printfi.c.obj (.text:__TI_printfi)
                  0000103a    00000002                           : _lock.c.obj (.text:_nop)
                  0000103c    000009c4                           : e_pow.c.obj (.text:pow)
                  00001a00    0000033c     rom_sysbios.aem3 : rom_sysbios.obj (.text:xdc_runtime_System_doPrint__I)
                  00001d3c    00000268     CWC_CC2650_154Drv.obj (.text:CWC_CC2650_154_Init)
                  00001fa4    00000260     rtsv7M3_T_le_eabi.lib : _printfi.c.obj (.text:_pconv_a)
                  00002204    00000228     drivers_cc26xxware.aem3 : PowerCC26XX.oem3 (.text:Power_sleep)
                  0000242c    00000204     driverlib.lib : sys_ctrl.obj (.text:NOROM_SysCtrlSetRechargeBeforePowerDown)
                  00002630    000001d0     drivers_cc26xxware.aem3 : PowerCC26XX_calibrateRCOSC.oem3 (.text:calibrateRcoscHf1)
                  00002800    000001cc     rtsv7M3_T_le_eabi.lib : _printfi.c.obj (.text:_pconv_g)
                  000029cc    000001c4     drivers_cc26xxware.aem3 : PINCC26XX.oem3 (.text:PIN_init)
                  00002b90    000001b6     rtsv7M3_T_le_eabi.lib : fd_add_t2.asm.obj (.text)
                  00002d46    00000002     drivers_cc26xxware.aem3 : PowerCC26XX.oem3 (.text:emptyClockFunc)
                  00002d48    000001a0     project_main.obj (.text:main)
                  00002ee8    00000184     drivers_cc26xxware.aem3 : PowerCC26XX_calibrateRCOSC.oem3 (.text:PowerCC26XX_doCalibrate)
                  0000306c    00000170     rtsv7M3_T_le_eabi.lib : e_sqrt.c.obj (.text:sqrt)
                  000031dc    0000013c                           : _printfi.c.obj (.text:_pconv_e)
                  00003318    00000136                           : fd_div_t2.asm.obj (.text)
                  0000344e    00000002                           : div0.asm.obj (.text)
                  00003450    00000130     driverlib.lib : setup_rom.obj (.text:NOROM_SetupAfterColdResetWakeupFromShutDownCfg3)
                  00003580    0000012c     opt3001.obj (.text:opt3001_get_data)
                  000036ac    00000120     rtsv7M3_T_le_eabi.lib : _printfi.c.obj (.text:fcvt)
                  000037cc    0000011c     drivers_cc26xxware.aem3 : PowerCC26XX.oem3 (.text:Power_init)
                  000038e8    000000fc     rtsv7M3_T_le_eabi.lib : fd_mul_t2.asm.obj (.text)
                  000039e4    000000f8     drivers_cc26xxware.aem3 : I2CCC26XX.oem3 (.text:I2CCC26XX_open)
                  00003adc    000000f8     comm_lib.obj (.text:Init6LoWPAN)
                  00003bd4    000000f8     empty_pem3.oem3 (.text:xdc_runtime_System_printfExtend__I)
                  00003ccc    000000e8     drivers_cc26xxware.aem3 : I2CCC26XX.oem3 (.text:I2CCC26XX_hwiFxn)
                  00003db4    000000e4     driverlib.lib : setup_rom.obj (.text:NOROM_SetupAfterColdResetWakeupFromShutDownCfg2)
                  00003e98    000000e0     drivers_cc26xxware.aem3 : PINCC26XX.oem3 (.text:PINCC26XX_setIoCfg)
                  00003f78    000000d4     power_cc26xx_tirtos.aem3 : PowerCC26XX_tirtos.oem3 (.text:PowerCC26XX_standbyPolicy)
                  0000404c    000000d4     drivers_cc26xxware.aem3 : PowerCC26XX.oem3 (.text:Power_releaseDependency)
                  00004120    000000d0                             : PowerCC26XX.oem3 (.text:Power_setDependency)
                  000041f0    000000d0     rtsv7M3_T_le_eabi.lib : s_scalbn.c.obj (.text:scalbn)
                  000042c0    000000c4     project_main.obj (.text:sensorTaskFxn)
                  00004384    000000c2     drivers_cc26xxware.aem3 : I2CCC26XX.oem3 (.text:I2CCC26XX_transfer)
                  00004446    00000002     rom_sysbios.aem3 : rom_sysbios.obj (.text:ti_sysbios_BIOS_linkedWithIncorrectBootLibrary__E)
                  00004448    000000bc     driverlib.lib : setup.obj (.text:TrimAfterColdResetWakeupFromShutDown)
                  00004504    000000b1     rtsv7M3_T_le_eabi.lib : _printfi.c.obj (.text:_ltostr)
                  000045b5    00000001     --HOLE-- [fill = 0]
                  000045b6    00000002     empty_pem3.oem3 (.text:ti_sysbios_BIOS_nullFunc__I)
                  000045b8    000000ac     comm_lib.obj (.text:Radio_IRQ)
                  00004664    000000a8     driverlib.lib : setup.obj (.text:NOROM_SetupTrimDevice)
                  0000470c    000000a0     auto_init.aem3 : auto_init.oem3 (.text)
                  000047ac    0000009e     rom_sysbios.aem3 : rom_sysbios.obj (.text:xdc_runtime_Text_putSite__E)
                  0000484a    0000009c     rtsv7M3_T_le_eabi.lib : memcpy_t2.asm.obj (.text)
                  000048e6    00000002     rom_sysbios.aem3 : rom_sysbios.obj (.text:ti_sysbios_knl_Clock_triggerFunc__I)
                  000048e8    00000098     CWC_CC2650_154Drv.obj (.text:RFCCPE1IntHandler)
                  00004980    00000098     rom_sysbios.aem3 : rom_sysbios.obj (.text:ti_sysbios_knl_Clock_workFuncDynamic__E)
                  00004a18    00000096     rtsv7M3_T_le_eabi.lib : ull_div_t2.asm.obj (.text)
                  00004aae    00000002     rom_sysbios.aem3 : rom_sysbios.obj (.text:xdc_runtime_SysCallback_defaultAbort)
                  00004ab0    00000094     drivers_cc26xxware.aem3 : PINCC26XX.oem3 (.text:PIN_open)
                  00004b44    00000094     project_main.obj (.text:buttonFxn)
                  00004bd8    00000094     rom_sysbios.aem3 : rom_sysbios.obj (.text:xdc_runtime_Text_putMod__E)
                  00004c6c    00000090     drivers_cc26xxware.aem3 : I2CCC26XX.oem3 (.text:I2CCC26XX_cancel)
                  00004cfc    00000090                             : PowerCC26XX.oem3 (.text:switchXOSCHFclockFunc)
                  00004d8c    0000008f     opt3001.obj (.text:opt3001_setup)
                  00004e1b    00000001     --HOLE-- [fill = 0]
                  00004e1c    0000008c     drivers_cc26xxware.aem3 : I2CCC26XX.oem3 (.text:I2CCC26XX_primeTransfer)
                  00004ea8    00000086     rtsv7M3_T_le_eabi.lib : fd_cmp_t2.asm.obj (.text:__aeabi_cdcmple)
                  00004f2e    00000086                           : fd_cmp_t2.asm.obj (.text:__aeabi_cdrcmple)
                  00004fb4    0000007c     drivers_cc26xxware.aem3 : PowerCC26XX.oem3 (.text:disableLFClockQualifiers)
                  00005030    0000007a     rtsv7M3_T_le_eabi.lib : memset_t2.asm.obj (.text)
                  000050aa    00000002     rom_sysbios.aem3 : rom_sysbios.obj (.text:xdc_runtime_SysCallback_defaultExit)
                  000050ac    00000078     driverlib.lib : setup_rom.obj (.text:NOROM_SetupAfterColdResetWakeupFromShutDownCfg1)
                  00005124    00000074     drivers_cc26xxware.aem3 : PowerCC26XX_calibrateRCOSC.oem3 (.text:PowerCC26XX_auxISR)
                  00005198    00000074                             : PowerCC26XX_calibrateRCOSC.oem3 (.text:calibrateRcoscHf2)
                  0000520c    00000074     rom_sysbios.aem3 : rom_sysbios.obj (.text:ti_sysbios_family_arm_cc26xx_Timer_start__E)
                  00005280    00000070     driverlib.lib : chipinfo.obj (.text:NOROM_ChipInfo_GetHwRevision)
                  000052f0    0000006e     rtsv7M3_T_le_eabi.lib : _printfi.c.obj (.text:_mcpy)
                  0000535e    0000006e                           : fd_tos_t2.asm.obj (.text)
                  000053cc    0000006d     rom_sysbios.aem3 : rom_sysbios.obj (.text:xdc_runtime_System_formatNum__I)
                  00005439    00000003     --HOLE-- [fill = 0]
                  0000543c    0000006c     driverlib.lib : setup_rom.obj (.text:NOROM_SetupGetTrimForAmpcompCtrl)
                  000054a8    0000006c     drivers_cc26xxware.aem3 : PowerCC26XX.oem3 (.text:PowerCC26XX_calibrate)
                  00005514    00000068     driverlib.lib : setup_rom.obj (.text:NOROM_SetupGetTrimForAnabypassValue1)
                  0000557c    00000068                   : sys_ctrl.obj (.text:NOROM_SysCtrl_DCDC_VoltageConditionalControl)
                  000055e4    00000068     rtsv7M3_T_le_eabi.lib : copy_decompress_lzss.c.obj (.text:decompress:lzss:__TI_decompress_lzss)
                  0000564c    00000064     drivers_cc26xxware.aem3 : I2CCC26XX.oem3 (.text:I2CCC26XX_close)
                  000056b0    00000064                             : I2CCC26XX.oem3 (.text:I2CCC26XX_initIO)
                  00005714    00000060                             : PowerCC26XX_calibrateRCOSC.oem3 (.text:PowerCC26XX_RCOSC_clockFunc)
                  00005774    00000060                             : PowerCC26XX_calibrateRCOSC.oem3 (.text:updateSubSecInc)
                  000057d4    0000005c     driverlib.lib : osc.obj (.text:NOROM_OSCHF_AttemptToSwitchToXosc)
                  00005830    0000005c                   : sys_ctrl.obj (.text:NOROM_SysCtrlAdjustRechargeAfterPowerDown)
                  0000588c    0000005c     drivers_cc26xxware.aem3 : PINCC26XX.oem3 (.text:PIN_remove)
                  000058e8    0000005c     rtsv7M3_T_le_eabi.lib : s_frexp.c.obj (.text:frexp)
                  00005944    0000005c     empty_pem3.oem3 (.text:xdc_runtime_Startup_getState__I)
                  000059a0    0000005b     rom_sysbios.aem3 : rom_sysbios.obj (.text:xdc_runtime_Text_putLab__E)
                  000059fb    00000001     --HOLE-- [fill = 0]
                  000059fc    0000005a     opt3001.obj (.text:opt3001_get_status)
                  00005a56    00000002     --HOLE-- [fill = 0]
                  00005a58    00000058     rtsv7M3_T_le_eabi.lib : hostwrite.c.obj (.text:HOSTwrite)
                  00005ab0    00000058     drivers_cc26xxware.aem3 : I2CCC26XX.oem3 (.text:I2CCC26XX_swiFxn)
                  00005b08    00000058                             : PowerCC26XX_calibrateRCOSC.oem3 (.text:PowerCC26XX_initiateCalibration)
                  00005b60    00000056     rtsv7M3_T_le_eabi.lib : _printfi.c.obj (.text:_pconv_f)
                  00005bb6    00000054                           : _ltoa.c.obj (.text:__TI_ltoa)
                  00005c0a    00000002     --HOLE-- [fill = 0]
                  00005c0c    00000054     drivers_cc26xxware.aem3 : PowerCC26XX.oem3 (.text:configureXOSCHF)
                  00005c60    00000052     rtsv7M3_T_le_eabi.lib : _printfi.c.obj (.text:_ecpy)
                  00005cb2    00000002     --HOLE-- [fill = 0]
                  00005cb4    00000050     driverlib.lib : setup_rom.obj (.text:NOROM_SetupSetCacheModeAccordingToCcfgSetting)
                  00005d04    0000004c                   : osc.obj (.text:NOROM_OSCClockSourceSet)
                  00005d50    0000004c     rtsv7M3_T_le_eabi.lib : atoi.c.obj (.text:atoi)
                  00005d9c    0000004c                           : cpy_tbl.c.obj (.text:copy_in)
                  00005de8    00000048     drivers_cc26xxware.aem3 : I2CCC26XX.oem3 (.text:I2CCC26XX_initHw)
                  00005e30    00000048     driverlib.lib : chipinfo.obj (.text:NOROM_ChipInfo_GetChipFamily)
                  00005e78    00000048                   : ddi.obj (.text:NOROM_DDI16BitfieldWrite)
                  00005ec0    00000048     drivers_cc26xxware.aem3 : PINCC26XX.oem3 (.text:PIN_swi)
                  00005f08    00000048                             : PowerCC26XX.oem3 (.text:notify)
                  00005f50    00000048     rtsv7M3_T_le_eabi.lib : fd_toi_t2.asm.obj (.text)
                  00005f98    00000044     boot.aem3 : boot.oem3 (.text)
                  00005fdc    00000044     rom_sysbios.aem3 : rom_sysbios.obj (.text:xdc_runtime_SysMin_flush__E)
                  00006020    00000044                      : rom_sysbios.obj (.text:xdc_runtime_Text_xprintf__I)
                  00006064    00000040     driverlib.lib : ddi.obj (.text:NOROM_DDI16BitfieldRead)
                  000060a4    00000040     rtsv7M3_T_le_eabi.lib : u_divt2.asm.obj (.text)
                  000060e4    00000040                           : sprintf.c.obj (.text:sprintf)
                  00006124    0000003e                           : _printfi.c.obj (.text:_fcpy)
                  00006162    00000002     --HOLE-- [fill = 0]
                  00006164    0000003c     CWC_CC2650_154Drv.obj (.text:CWC_CC2650_154_EnableRadioIRQs)
                  000061a0    0000003c     driverlib.lib : osc.obj (.text:NOROM_OSC_HPOSCRelativeFrequencyOffsetGet)
                  000061dc    0000003c     drivers_cc26xxware.aem3 : PINCC26XX.oem3 (.text:PIN_setOutputValue)
                  00006218    00000038     rtsv7M3_T_le_eabi.lib : trgmsg.c.obj (.text:__TI_writemsg)
                  00006250    00000038                           : fs_tod_t2.asm.obj (.text)
                  00006288    00000038     rom_sysbios.aem3 : rom_sysbios.obj (.text:ti_sysbios_family_arm_cc26xx_Timer_getCurrentTick__E)
                  000062c0    00000038                      : rom_sysbios.obj (.text:xdc_runtime_SysMin_putch__E)
                  000062f8    00000034     driverlib.lib : osc.obj (.text:NOROM_OSCHF_SwitchToRcOscTurnOffXosc)
                  0000632c    00000034     drivers_cc26xxware.aem3 : PINCC26XX.oem3 (.text:PIN_setConfig)
                  00006360    00000034     rtsv7M3_T_le_eabi.lib : trgmsg.c.obj (.text:__TI_readmsg)
                  00006394    00000034     rom_sysbios.aem3 : rom_sysbios.obj (.text:ti_sysbios_family_arm_cc26xx_Timer_initDevice__I)
                  000063c8    00000034     project_main.obj (.text:uartTaskFxn)
                  000063fc    00000032     rom_sysbios.aem3 : rom_sysbios.obj (.text:ti_sysbios_family_arm_cc26xx_Timer_setNextTick__E)
                  0000642e    00000002     --HOLE-- [fill = 0]
                  00006430    00000030     drivers_cc26xxware.aem3 : I2C.oem3 (.text:I2C_open)
                  00006460    00000030     driverlib.lib : setup_rom.obj (.text:NOROM_SetupSetAonRtcSubSecInc)
                  00006490    00000030     drivers_cc26xxware.aem3 : PowerCC26XX.oem3 (.text:Power_releaseConstraint)
                  000064c0    00000030                             : PowerCC26XX.oem3 (.text:Power_setConstraint)
                  000064f0    00000030     empty_pem3.oem3 (.text:ti_sysbios_BIOS_atExitFunc__I)
                  00006520    00000030     empty_pem3.oem3 (.text:ti_sysbios_BIOS_startFunc__I)
                  00006550    00000030     rom_sysbios.aem3 : rom_sysbios.obj (.text:ti_sysbios_family_arm_cc26xx_Timer_setThreshold__I)
                  00006580    00000030                      : rom_sysbios.obj (.text:xdc_runtime_SysMin_abort__E)
                  000065b0    0000002f                      : rom_sysbios.obj (.text:xdc_runtime_Text_printVisFxn__I)
                  000065df    00000001     --HOLE-- [fill = 0]
                  000065e0    0000002e     rtsv7M3_T_le_eabi.lib : i_tofd_t2.asm.obj (.text)
                  0000660e    00000002     --HOLE-- [fill = 0]
                  00006610    0000002c     driverlib.lib : ddi.obj (.text:NOROM_DDI32RegWrite)
                  0000663c    0000002c                   : setup_rom.obj (.text:NOROM_SetupGetTrimForRadcExtCfg)
                  00006668    0000002c     drivers_cc26xxware.aem3 : PINCC26XX.oem3 (.text:PINCC26XX_setMux)
                  00006694    0000002c     rom_sysbios.aem3 : rom_sysbios.obj (.text:ti_sysbios_knl_Clock_getTicksUntilInterrupt__E)
                  000066c0    0000002a                      : rom_sysbios.obj (.text:xdc_runtime_System_putchar__I)
                  000066ea    00000002     --HOLE-- [fill = 0]
                  000066ec    00000028     driverlib.lib : aon_batmon.obj (.text:NOROM_AONBatMonTemperatureGetDegC)
                  00006714    00000028     drivers_cc26xxware.aem3 : PowerCC26XX.oem3 (.text:Power_registerNotify)
                  0000673c    00000028     driverlib.lib : adi.obj (.text:SafeHapiVoid)
                  00006764    00000026     comm_lib.obj (.text:CC2650_RXEntry_Release)
                  0000678a    00000026     drivers_cc26xxware.aem3 : List.oem3 (.text:List_put)
                  000067b0    00000024                             : PINCC26XX.oem3 (.text:PINCC26XX_getPinCount)
                  000067d4    00000024                             : PowerCC26XX_calibrateRCOSC.oem3 (.text:getTdcSemaphore)
                  000067f8    00000024     empty_pem3.oem3 (.text:ti_sysbios_BIOS_registerRTSLock__I)
                  0000681c    00000024     empty_pem3.oem3 (.text:ti_sysbios_BIOS_removeRTSLock__I)
                  00006840    00000024     rom_sysbios.aem3 : rom_sysbios.obj (.text:ti_sysbios_family_arm_cc26xx_Timer_getMaxTicks__E)
                  00006864    00000024                      : rom_sysbios.obj (.text:xdc_runtime_System_vprintf__E)
                  00006888    00000022     rtsv7M3_T_le_eabi.lib : memccpy.c.obj (.text:memccpy)
                  000068aa    00000022     empty_pem3.oem3 (.text:xdc_runtime_SysMin_output__I)
                  000068cc    00000020     driverlib.lib : rfc.obj (.text:NOROM_RFCDoorbellSendTo)
                  000068ec    00000020                   : setup_rom.obj (.text:NOROM_SetupGetTrimForXoscHfCtl)
                  0000690c    00000020     drivers_cc26xxware.aem3 : PowerCC26XX.oem3 (.text:Power_unregisterNotify)
                  0000692c    00000020     rtsv7M3_T_le_eabi.lib : u_tofd_t2.asm.obj (.text)
                  0000694c    00000020     empty_pem3.oem3 (.text:ti_sysbios_BIOS_rtsLock__I)
                  0000696c    00000020     rom_sysbios.aem3 : rom_sysbios.obj (.text:ti_sysbios_family_arm_cc26xx_Timer_dynamicStub__E)
                  0000698c    00000020                      : rom_sysbios.obj (.text:ti_sysbios_knl_Clock_stop__E)
                  000069ac    00000020                      : rom_sysbios.obj (.text:xdc_runtime_SysMin_Module_startup__E)
                  000069cc    0000001e     drivers_cc26xxware.aem3 : PINCC26XX.oem3 (.text:PIN_close)
                  000069ea    0000001e                             : PowerCC26XX.oem3 (.text:Power_getTransitionLatency)
                  00006a08    0000001c     driverlib.lib : osc.obj (.text:NOROM_OSCClockSourceGet)
                  00006a24    0000001c                   : setup_rom.obj (.text:NOROM_SetupGetTrimForAmpcompTh2)
                  00006a40    0000001c                   : setup_rom.obj (.text:NOROM_SetupGetTrimForRcOscLfRtuneCtuneTrim)
                  00006a5c    0000001c     drivers_cc26xxware.aem3 : PINCC26XX.oem3 (.text:PINCC26XX_setIoCfgMux)
                  00006a78    0000001c                             : PINCC26XX.oem3 (.text:PIN_hwi)
                  00006a94    0000001c     CWC_CC2650_154Drv.obj (.text:RFCCPE0IntHandler)
                  00006ab0    0000001c     rom_sysbios.aem3 : rom_sysbios.obj (.text:xdc_runtime_Registry_findById__E)
                  00006acc    0000001c                      : rom_sysbios.obj (.text:xdc_runtime_SysMin_exit__E)
                  00006ae8    0000001a     drivers_cc26xxware.aem3 : List.oem3 (.text:List_remove)
                  00006b02    0000001a     rom_sysbios.aem3 : rom_sysbios_config.obj (.text:xdc_runtime_System_printf__E)
                  00006b1c    00000018     driverlib.lib : aon_rtc.obj (.text:NOROM_AONRTCCurrentCompareValueGet)
                  00006b34    00000018                   : chipinfo.obj (.text:NOROM_ChipInfo_GetPackageType)
                  00006b4c    00000018                   : osc.obj (.text:NOROM_OSCHF_TurnOnXosc)
                  00006b64    00000018                   : setup_rom.obj (.text:NOROM_SetupGetTrimForAdcShModeEn)
                  00006b7c    00000018                   : setup_rom.obj (.text:NOROM_SetupGetTrimForAdcShVbufEn)
                  00006b94    00000018                   : setup_rom.obj (.text:NOROM_SetupGetTrimForAmpcompTh1)
                  00006bac    00000018                   : setup_rom.obj (.text:NOROM_SetupGetTrimForDblrLoopFilterResetVoltage)
                  00006bc4    00000018                   : setup_rom.obj (.text:NOROM_SetupGetTrimForRcOscLfIBiasTrim)
                  00006bdc    00000018                   : setup_rom.obj (.text:NOROM_SetupGetTrimForXoscLfRegulatorAndCmirrwrRatio)
                  00006bf4    00000018     drivers_cc26xxware.aem3 : PowerCC26XX.oem3 (.text:Power_idleFunc)
                  00006c0c    00000018     rtsv7M3_T_le_eabi.lib : args_main.c.obj (.text:_args_main)
                  00006c24    00000018                           : sprintf.c.obj (.text:_outs)
                  00006c3c    00000018     drivers_cc26xxware.aem3 : PowerCC26XX.oem3 (.text:configureRFCoreClocks)
                  00006c54    00000018     rtsv7M3_T_le_eabi.lib : ll_mul_t2.asm.obj (.text)
                  00006c6c    00000018     empty_pem3.oem3 (.text:ti_sysbios_BIOS_rtsUnlock__I)
                  00006c84    00000018     rom_sysbios.aem3 : rom_sysbios.obj (.text:ti_sysbios_knl_Swi_or__E)
                  00006c9c    00000016     rtsv7M3_T_le_eabi.lib : strchr.c.obj (.text:strchr)
                  00006cb2    00000016     empty_pem3.oem3 (.text:ti_sysbios_BIOS_exitFunc__I)
                  00006cc8    00000016     comm_lib.obj (.text:ti_sysbios_hal_Hwi_Params_init)
                  00006cde    00000016     project_main.obj (.text:ti_sysbios_knl_Task_Params_init)
                  00006cf4    00000014     driverlib.lib : aon_rtc.obj (.text:NOROM_AONRTCCurrent64BitValueGet)
                  00006d08    00000014                   : chipinfo.obj (.text:NOROM_ThisCodeIsBuiltForCC26xxHwRev22AndLater_HaltIfViolated)
                  00006d1c    00000014     drivers_cc26xxware.aem3 : PINCC26XX.oem3 (.text:PINCC26XX_getOutputValue)
                  00006d30    00000014     rtsv7M3_T_le_eabi.lib : strlen.c.obj (.text:strlen)
                  00006d44    00000014     empty_pem3.oem3 (.text:ti_sysbios_knl_Clock_doTick__I)
                  00006d58    00000012     rtsv7M3_T_le_eabi.lib : wcslen.c.obj (.text:wcslen)
                  00006d6a    00000012     empty_pem3.oem3 (.text:xdc_runtime_Startup_exec__I)
                  00006d7c    00000010     drivers_cc26xxware.aem3 : I2C.oem3 (.text:I2C_Params_init)
                  00006d8c    00000010     CWC_CC2650_154Drv.obj (.text:IntMasterDisable)
                  00006d9c    00000010     CWC_CC2650_154Drv.obj (.text:IntMasterEnable)
                  00006dac    00000010     driverlib.lib : setup_rom.obj (.text:NOROM_SetupGetTrimForXoscHfFastStart)
                  00006dbc    00000010                   : setup_rom.obj (.text:NOROM_SetupGetTrimForXoscHfIbiastherm)
                  00006dcc    00000010     CWC_CC2650_154Drv.obj (.text:RFCClockEnable)
                  00006ddc    00000010     drivers_cc26xxware.aem3 : I2CCC26XX.oem3 (.text:i2cPostNotify)
                  00006dec    00000010     rom_sysbios.aem3 : rom_sysbios.obj (.text:xdc_runtime_SysMin_ready__E)
                  00006dfc    00000010                      : rom_sysbios.obj (.text:xdc_runtime_System_vsnprintf__E)
                  00006e0c    0000000e     driverlib.lib : vims.obj (.text:NOROM_VIMSModeGet)
                  00006e1a    0000000e     rtsv7M3_T_le_eabi.lib : copy_decompress_none.c.obj (.text:decompress:none:__TI_decompress_none)
                  00006e28    0000000e     rom_sysbios.aem3 : rom_sysbios.obj (.text:ti_sysbios_family_arm_cc26xx_TimestampProvider_get32__E)
                  00006e36    0000000c     driverlib.lib : cpu.obj (.text:NOROM_CPUcpsid)
                  00006e42    0000000c                   : cpu.obj (.text:NOROM_CPUcpsie)
                  00006e4e    0000000c     drivers_cc26xxware.aem3 : PINCC26XX.oem3 (.text:PIN_registerIntCb)
                  00006e5a    00000002     --HOLE-- [fill = 0]
                  00006e5c    0000000c                             : PowerCC26XX.oem3 (.text:Power_getConstraintMask)
                  00006e68    0000000c                             : PowerCC26XX.oem3 (.text:Power_getDependencyCount)
                  00006e74    0000000c     CWC_CC2650_154Drv.obj (.text:RFCAckIntClear)
                  00006e80    0000000c     rtsv7M3_T_le_eabi.lib : _lock.c.obj (.text:_register_lock)
                  00006e8c    0000000c                           : _lock.c.obj (.text:_register_unlock)
                  00006e98    0000000c                           : s_copysign.c.obj (.text:copysign)
                  00006ea4    0000000c                           : copy_zero_init.c.obj (.text:decompress:ZI:__TI_zero_init)
                  00006eb0    0000000c     rom_sysbios.aem3 : rom_sysbios_config.obj (.text:ti_sysbios_hal_Hwi_Params__init__S)
                  00006ebc    0000000c                      : rom_sysbios.obj (.text:ti_sysbios_knl_Swi_getTrigger__E)
                  00006ec8    0000000c                      : rom_sysbios.obj (.text:xdc_runtime_Startup_rtsDone__E)
                  00006ed4    0000000a     drivers_cc26xxware.aem3 : I2CCC26XX.oem3 (.text:I2CCC26XX_init)
                  00006ede    0000000a                             : I2C.oem3 (.text:I2C_transfer)
                  00006ee8    0000000a                             : List.oem3 (.text:List_empty)
                  00006ef2    0000000a     rtsv7M3_T_le_eabi.lib : sprintf.c.obj (.text:_outc)
                  00006efc    00000008     drivers_cc26xxware.aem3 : I2CCC26XX.oem3 (.text:I2CCC26XX_blockingCallback)
                  00006f04    00000008     rtsv7M3_T_le_eabi.lib : errno.c.obj (.text:__aeabi_errno_addr)
                  00006f0c    00000008     empty_pem3.oem3 (.text:xdc_runtime_Text_visitRope__I)
                  00006f14    00000006     drivers_cc26xxware.aem3 : I2CCC26XX.oem3 (.text:I2CCC26XX_control)
                  00006f1a    00000006     driverlib.lib : cpu.obj (.text:NOROM_CPUdelay)
                  00006f20    00000004     tirtosport.aem3 : HwiP_tirtos.oem3 (.text:HwiP_disable)
                  00006f24    00000004     drivers_cc26xxware.aem3 : List.oem3 (.text:List_head)
                  00006f28    00000004                             : List.oem3 (.text:List_next)
                  00006f2c    00000004                             : PowerCC26XX.oem3 (.text:nopResourceHandler)
                  00006f30    00000004     rom_sysbios.aem3 : rom_sysbios.obj (.text:ti_sysbios_family_arm_cc26xx_Timer_getCount64__E)
                  00006f34    00000004     empty_pem3.oem3 (.text:xdc_runtime_Startup_reset__I)
                  00006f38    00000004     rom_sysbios.aem3 : rom_sysbios.obj (.text:xdc_runtime_System_printf_va__F)
                  00006f3c    00000008     (.tramp.xdc_runtime_Core_assignParams__I.1)
                  00006f44    00000008     (.tramp.xdc_runtime_Startup_startMods__I.1)
                  00006f4c    00000008     (.tramp.ti_sysbios_knl_Clock_logTick__E.1)
                  00006f54    00000008     (.tramp.ti_sysbios_knl_Task_Params__init__S.1)
                  00006f5c    00000008     (.tramp.ti_sysbios_BIOS_RtsGateProxy_leave__E.1)
                  00006f64    00000008     (.tramp.ti_sysbios_BIOS_RtsGateProxy_enter__E.1)
                  00006f6c    00000008     (.tramp.ti_sysbios_knl_Task_startup__E.1)
                  00006f74    00000008     (.tramp.ti_sysbios_knl_Swi_startup__E.1)
                  00006f7c    00000008     (.tramp.ti_sysbios_hal_Hwi_startup__E.1)
                  00006f84    00000008     (.tramp.ti_sysbios_family_arm_cc26xx_Timer_startup__E.1)
                  00006f8c    00000008     (.tramp.xdc_runtime_System_atexit__E.1)
                  00006f94    00000008     (.tramp.ti_sysbios_BIOS_setThreadType__E.1)
                  00006f9c    00000008     (.tramp.xdc_runtime_Gate_leaveSystem__E.1)
                  00006fa4    00000008     (.tramp.xdc_runtime_Gate_enterSystem__E.1)
                  00006fac    00000008     (.tramp.xdc_runtime_System_exit__E.1)
                  00006fb4    00000008     (.tramp.ti_sysbios_BIOS_getCpuFreq__E.1)
                  00006fbc    00000008     (.tramp.ti_sysbios_knl_Semaphore_destruct.1)
                  00006fc4    00000008     (.tramp.ti_sysbios_knl_Swi_destruct.1)
                  00006fcc    00000008     (.tramp.ti_sysbios_family_arm_m3_Hwi_destruct.1)
                  00006fd4    00000008     (.tramp.ti_sysbios_knl_Clock_scheduleNextTick__E.1)
                  00006fdc    00000008     (.tramp.ti_sysbios_knl_Clock_walkQueueDynamic__E.1)
                  00006fe4    00000008     (.tramp.ti_sysbios_knl_Clock_TimerProxy_getCurrentTick__E.1)
                  00006fec    00000008     (.tramp.ti_sysbios_knl_Semaphore_post__E.1)
                  00006ff4    00000008     (.tramp.ti_sysbios_family_arm_m3_Hwi_enableInterrupt__E.1)
                  00006ffc    00000008     (.tramp.ti_sysbios_family_arm_m3_Hwi_disableInterrupt__E.1)
                  00007004    00000008     (.tramp.ti_sysbios_knl_Semaphore_pend__E.1)
                  0000700c    00000008     (.tramp.ti_sysbios_knl_Task_sleep__E.1)
                  00007014    00000008     (.tramp.ti_sysbios_knl_Swi_post__E.1)
                  0000701c    00000008     (.tramp.ti_sysbios_hal_Hwi_create.1)
                  00007024    00000008     (.tramp.ti_sysbios_family_arm_m3_Hwi_restoreFxn__E.1)
                  0000702c    00000008     (.tramp.ti_sysbios_family_arm_m3_Hwi_disableFxn__E.1)
                  00007034    00000008     (.tramp.ti_sysbios_knl_Clock_setTimeout__E.1)
                  0000703c    00000008     (.tramp.ti_sysbios_knl_Clock_construct.1)
                  00007044    00000008     (.tramp.ti_sysbios_knl_Clock_Params__init__S.1)
                  0000704c    00000008     (.tramp.ti_sysbios_knl_Clock_start__E.1)
                  00007054    00000008     (.tramp.xdc_runtime_System_abortSpin__E.1)
                  0000705c    00000008     (.tramp.ti_sysbios_BIOS_start__E.1)
                  00007064    00000008     (.tramp.ti_sysbios_knl_Task_create.1)
                  0000706c    00000008     (.tramp.xdc_runtime_System_abort__E.1)
                  00007074    00000008     (.tramp.ti_sysbios_knl_Swi_construct.1)
                  0000707c    00000008     (.tramp.ti_sysbios_knl_Swi_Params__init__S.1)
                  00007084    00000008     (.tramp.ti_sysbios_family_arm_m3_Hwi_construct.1)
                  0000708c    00000008     (.tramp.ti_sysbios_family_arm_m3_Hwi_Params__init__S.1)
                  00007094    00000008     (.tramp.ti_sysbios_knl_Semaphore_construct.1)
                  0000709c    00000008     (.tramp.ti_sysbios_knl_Semaphore_Params__init__S.1)
                  000070a4    00000008     (.tramp.ti_sysbios_knl_Task_restore__E.1)
                  000070ac    00000008     (.tramp.ti_sysbios_knl_Swi_restore__E.1)
                  000070b4    00000008     (.tramp.ti_sysbios_knl_Swi_disable__E.1)
                  000070bc    00000008     (.tramp.ti_sysbios_knl_Task_disable__E.1)

.const     0    000070c8    00000380     
                  000070c8    00000101     rtsv7M3_T_le_eabi.lib : ctype.c.obj (.const:.string:_ctypes_)
                  000071c9    00000001     empty_pem3.oem3 (.const:xdc_runtime_Text_charTab__A)
                  000071ca    00000002     CWC_CC2650_154Drv.obj (.const:RF_cmdPing)
                  000071cc    00000068     CC2650STK.obj (.const:BoardGpioInitTable)
                  00007234    0000004c     drivers_cc26xxware.aem3 : PowerCC26XX.oem3 (.const:resourceDB)
                  00007280    00000048     empty_pem3.oem3 (.const:.string)
                  000072c8    00000040     CWC_CC2650_154Drv.obj (.const:IEEE_RX)
                  00007308    00000030     rtsv7M3_T_le_eabi.lib : e_pow.c.obj (.const:$O1$$)
                  00007338    00000028     empty_pem3.oem3 (.const:xdc_runtime_Startup_sfxnTab__A)
                  00007360    00000020     drivers_cc26xxware.aem3 : I2CCC26XX.oem3 (.const)
                  00007380    00000018     CC2650STK.obj (.const:I2C_config)
                  00007398    00000018     CWC_CC2650_154Drv.obj (.const:RF_cmdRadioSetup)
                  000073b0    00000018     CC2650STK.obj (.const:i2cCC26xxHWAttrs)
                  000073c8    00000014     empty_pem3.oem3 (.const:xdc_runtime_Startup_sfxnRts__A)
                  000073dc    00000010     CC2650STK.obj (.const:PowerCC26XX_config)
                  000073ec    00000010     drivers_cc26xxware.aem3 : I2C.oem3 (.const)
                  000073fc    0000000c     empty_pem3.oem3 (.const:xdc_runtime_Startup_firstFxns__A)
                  00007408    0000000a     CWC_CC2650_154Drv.obj (.const:RF_cmdGetFvInfo)
                  00007412    00000009     CWC_CC2650_154Drv.obj (.const:IEEE154_header)
                  0000741b    00000001     --HOLE-- [fill = 0]
                  0000741c    00000008     CC2650STK.obj (.const:PINCC26XX_hwAttrs)
                  00007424    00000004     empty_pem3.oem3 (.const:ti_sysbios_knl_Clock_tickPeriod__C)
                  00007428    00000004     empty_pem3.oem3 (.const:ti_sysbios_knl_Clock_triggerClock__C)
                  0000742c    00000004     empty_pem3.oem3 (.const:ti_sysbios_knl_Idle_funcList__A)
                  00007430    00000004     empty_pem3.oem3 (.const:xdc_runtime_SysMin_bufSize__C)
                  00007434    00000004     empty_pem3.oem3 (.const:xdc_runtime_SysMin_outputFunc__C)
                  00007438    00000004     empty_pem3.oem3 (.const:xdc_runtime_System_extendFxn__C)
                  0000743c    00000004     empty_pem3.oem3 (.const:xdc_runtime_Text_visitRopeFxn__C)
                  00007440    00000002     CWC_CC2650_154Drv.obj (.const:RF_cmdStartRat)
                  00007442    00000002     empty_pem3.oem3 (.const:xdc_runtime_SysMin_flushAtExit__C)
                  00007444    00000002     empty_pem3.oem3 (.const:xdc_runtime_Text_registryModsLastId__C)
                  00007446    00000002     empty_pem3.oem3 (.const:xdc_runtime_Text_unnamedModsLastId__C)

.cinit     0    00007448    00000298     
                  00007448    0000015d     (.cinit..data.load) [load image, compression = lzss]
                  000075a5    00000028     (.cinit..data:ti_sysbios_family_arm_m3_Hwi_Module__state__V.load) [load image, compression = lzss]
                  000075cd    00000021     (.cinit..data:ti_sysbios_knl_Task_Module__state__V.load) [load image, compression = lzss]
                  000075ee    0000001f     (.cinit..data:ti_sysbios_BIOS_Module__state__V.load) [load image, compression = lzss]
                  0000760d    0000001d     (.cinit..data:ti_sysbios_knl_Clock_Module__state__V.load) [load image, compression = lzss]
                  0000762a    00000010     (.cinit..data:ti_sysbios_knl_Swi_Module__state__V.load) [load image, compression = lzss]
                  0000763a    00000002     --HOLE-- [fill = 0]
                  0000763c    0000000c     (__TI_handler_table)
                  00007648    0000000b     (.cinit..data:ti_sysbios_family_arm_cc26xx_Timer_Module__state__V.load) [load image, compression = lzss]
                  00007653    0000000b     (.cinit..data:xdc_runtime_System_Module__state__V.load) [load image, compression = lzss]
                  0000765e    00000002     --HOLE-- [fill = 0]
                  00007660    00000008     (.cinit..bss.load) [load image, compression = zero_init]
                  00007668    00000008     (.cinit..data:xdc_runtime_Memory_Module__state__V.load) [load image, compression = lzss]
                  00007670    00000007     (.cinit..data:ti_sysbios_family_arm_cc26xx_TimestampProvider_Module__state__V.load) [load image, compression = lzss]
                  00007677    00000007     (.cinit..data:xdc_runtime_Startup_Module__state__V.load) [load image, compression = lzss]
                  0000767e    00000002     --HOLE-- [fill = 0]
                  00007680    00000060     (__TI_cinit_table)

.init_array 
*          0    00000000    00000000     UNINITIALIZED

.ccfg      0    0001ffa8    00000058     
                  0001ffa8    00000058     ccfg.obj (.ccfg:retain)

.const:ti_sysbios_knl_Task_Object__PARAMS__C 
*          0    00000100    0000003c     
                  00000100    0000003c     empty_pem3.oem3 (.const:ti_sysbios_knl_Task_Object__PARAMS__C)

.const:ti_sysbios_knl_Mailbox_Object__PARAMS__C 
*          0    0000013c    00000034     
                  0000013c    00000034     empty_pem3.oem3 (.const:ti_sysbios_knl_Mailbox_Object__PARAMS__C)

.const:ti_sysbios_family_arm_m3_Hwi_Object__PARAMS__C 
*          0    00000170    00000030     
                  00000170    00000030     empty_pem3.oem3 (.const:ti_sysbios_family_arm_m3_Hwi_Object__PARAMS__C)

.const:ti_sysbios_hal_Hwi_Object__PARAMS__C 
*          0    000001a0    0000002c     
                  000001a0    0000002c     empty_pem3.oem3 (.const:ti_sysbios_hal_Hwi_Object__PARAMS__C)

.const:ti_sysbios_heaps_HeapMem_Module__FXNS__C 
*          0    000001cc    00000028     
                  000001cc    00000028     empty_pem3.oem3 (.const:ti_sysbios_heaps_HeapMem_Module__FXNS__C)

.const:ti_sysbios_knl_Swi_Object__PARAMS__C 
*          0    000001f4    00000028     
                  000001f4    00000028     empty_pem3.oem3 (.const:ti_sysbios_knl_Swi_Object__PARAMS__C)

.const:ti_sysbios_gates_GateHwi_Module__FXNS__C 
*          0    0000021c    00000024     
                  0000021c    00000024     empty_pem3.oem3 (.const:ti_sysbios_gates_GateHwi_Module__FXNS__C)

.const:ti_sysbios_gates_GateMutex_Module__FXNS__C 
*          0    00000240    00000024     
                  00000240    00000024     empty_pem3.oem3 (.const:ti_sysbios_gates_GateMutex_Module__FXNS__C)

.const:ti_sysbios_heaps_HeapMem_Object__PARAMS__C 
*          0    00000264    00000024     
                  00000264    00000024     empty_pem3.oem3 (.const:ti_sysbios_heaps_HeapMem_Object__PARAMS__C)

.const:ti_sysbios_knl_Clock_Object__PARAMS__C 
*          0    00000288    00000024     
                  00000288    00000024     empty_pem3.oem3 (.const:ti_sysbios_knl_Clock_Object__PARAMS__C)

.const:ti_sysbios_knl_Semaphore_Object__PARAMS__C 
*          0    000002ac    00000024     
                  000002ac    00000024     empty_pem3.oem3 (.const:ti_sysbios_knl_Semaphore_Object__PARAMS__C)

.const:ti_sysbios_family_arm_m3_Hwi_Object__DESC__C 
*          0    000002d0    00000020     
                  000002d0    00000020     empty_pem3.oem3 (.const:ti_sysbios_family_arm_m3_Hwi_Object__DESC__C)

.const:ti_sysbios_gates_GateHwi_Object__DESC__C 
*          0    000002f0    00000020     
                  000002f0    00000020     empty_pem3.oem3 (.const:ti_sysbios_gates_GateHwi_Object__DESC__C)

.const:ti_sysbios_gates_GateMutex_Object__DESC__C 
*          0    00000310    00000020     
                  00000310    00000020     empty_pem3.oem3 (.const:ti_sysbios_gates_GateMutex_Object__DESC__C)

.const:ti_sysbios_hal_Hwi_Object__DESC__C 
*          0    00000330    00000020     
                  00000330    00000020     empty_pem3.oem3 (.const:ti_sysbios_hal_Hwi_Object__DESC__C)

.const:ti_sysbios_heaps_HeapMem_Object__DESC__C 
*          0    00000350    00000020     
                  00000350    00000020     empty_pem3.oem3 (.const:ti_sysbios_heaps_HeapMem_Object__DESC__C)

.const:ti_sysbios_knl_Clock_Object__DESC__C 
*          0    00000370    00000020     
                  00000370    00000020     empty_pem3.oem3 (.const:ti_sysbios_knl_Clock_Object__DESC__C)

.const:ti_sysbios_knl_Mailbox_Object__DESC__C 
*          0    00000390    00000020     
                  00000390    00000020     empty_pem3.oem3 (.const:ti_sysbios_knl_Mailbox_Object__DESC__C)

.const:ti_sysbios_knl_Queue_Object__DESC__C 
*          0    000003b0    00000020     
                  000003b0    00000020     empty_pem3.oem3 (.const:ti_sysbios_knl_Queue_Object__DESC__C)

.const:ti_sysbios_knl_Semaphore_Object__DESC__C 
*          0    000003d0    00000020     
                  000003d0    00000020     empty_pem3.oem3 (.const:ti_sysbios_knl_Semaphore_Object__DESC__C)

.const:ti_sysbios_knl_Swi_Object__DESC__C 
*          0    000003f0    00000020     
                  000003f0    00000020     empty_pem3.oem3 (.const:ti_sysbios_knl_Swi_Object__DESC__C)

.const:ti_sysbios_knl_Task_Object__DESC__C 
*          0    00000410    00000020     
                  00000410    00000020     empty_pem3.oem3 (.const:ti_sysbios_knl_Task_Object__DESC__C)

.const:ti_sysbios_gates_GateHwi_Object__PARAMS__C 
*          0    00000430    00000018     
                  00000430    00000018     empty_pem3.oem3 (.const:ti_sysbios_gates_GateHwi_Object__PARAMS__C)

.const:ti_sysbios_gates_GateMutex_Object__PARAMS__C 
*          0    00000448    00000018     
                  00000448    00000018     empty_pem3.oem3 (.const:ti_sysbios_gates_GateMutex_Object__PARAMS__C)

.const:ti_sysbios_knl_Queue_Object__PARAMS__C 
*          0    00000460    00000018     
                  00000460    00000018     empty_pem3.oem3 (.const:ti_sysbios_knl_Queue_Object__PARAMS__C)

.const:ti_sysbios_knl_Idle_funcList__C 
*          0    00000478    00000008     
                  00000478    00000008     empty_pem3.oem3 (.const:ti_sysbios_knl_Idle_funcList__C)

.const:ti_sysbios_family_arm_cc26xx_Timer_startupNeeded__C 
*          0    00000484    00000004     
                  00000484    00000004     empty_pem3.oem3 (.const:ti_sysbios_family_arm_cc26xx_Timer_startupNeeded__C)

.const:ti_sysbios_family_arm_m3_Hwi_E_alreadyDefined__C 
*          0    00000488    00000004     
                  00000488    00000004     empty_pem3.oem3 (.const:ti_sysbios_family_arm_m3_Hwi_E_alreadyDefined__C)

.const:ti_sysbios_family_arm_m3_Hwi_E_hwiLimitExceeded__C 
*          0    0000048c    00000004     
                  0000048c    00000004     empty_pem3.oem3 (.const:ti_sysbios_family_arm_m3_Hwi_E_hwiLimitExceeded__C)

.const:ti_sysbios_family_arm_m3_Hwi_NUM_INTERRUPTS__C 
*          0    00000490    00000004     
                  00000490    00000004     empty_pem3.oem3 (.const:ti_sysbios_family_arm_m3_Hwi_NUM_INTERRUPTS__C)

.const:ti_sysbios_family_arm_m3_Hwi_Object__count__C 
*          0    00000494    00000004     
                  00000494    00000004     empty_pem3.oem3 (.const:ti_sysbios_family_arm_m3_Hwi_Object__count__C)

.const:ti_sysbios_family_arm_m3_Hwi_Object__table__C 
*          0    00000498    00000004     
                  00000498    00000004     empty_pem3.oem3 (.const:ti_sysbios_family_arm_m3_Hwi_Object__table__C)

.const:ti_sysbios_family_arm_m3_Hwi_ccr__C 
*          0    0000049c    00000004     
                  0000049c    00000004     empty_pem3.oem3 (.const:ti_sysbios_family_arm_m3_Hwi_ccr__C)

.const:ti_sysbios_family_arm_m3_Hwi_excHandlerFunc__C 
*          0    000004a0    00000004     
                  000004a0    00000004     empty_pem3.oem3 (.const:ti_sysbios_family_arm_m3_Hwi_excHandlerFunc__C)

.const:ti_sysbios_family_arm_m3_Hwi_nullIsrFunc__C 
*          0    000004a4    00000004     
                  000004a4    00000004     empty_pem3.oem3 (.const:ti_sysbios_family_arm_m3_Hwi_nullIsrFunc__C)

.const:ti_sysbios_family_arm_m3_Hwi_numSparseInterrupts__C 
*          0    000004a8    00000004     
                  000004a8    00000004     empty_pem3.oem3 (.const:ti_sysbios_family_arm_m3_Hwi_numSparseInterrupts__C)

.const:ti_sysbios_family_arm_m3_Hwi_priGroup__C 
*          0    000004ac    00000004     
                  000004ac    00000004     empty_pem3.oem3 (.const:ti_sysbios_family_arm_m3_Hwi_priGroup__C)

.const:ti_sysbios_family_arm_m3_TaskSupport_stackAlignment__C 
*          0    000004b0    00000004     
                  000004b0    00000004     empty_pem3.oem3 (.const:ti_sysbios_family_arm_m3_TaskSupport_stackAlignment__C)

.const:ti_sysbios_heaps_HeapMem_E_memory__C 
*          0    000004b4    00000004     
                  000004b4    00000004     empty_pem3.oem3 (.const:ti_sysbios_heaps_HeapMem_E_memory__C)

.const:ti_sysbios_heaps_HeapMem_Module__gateObj__C 
*          0    000004b8    00000004     
                  000004b8    00000004     empty_pem3.oem3 (.const:ti_sysbios_heaps_HeapMem_Module__gateObj__C)

.const:ti_sysbios_heaps_HeapMem_Object__count__C 
*          0    000004bc    00000004     
                  000004bc    00000004     empty_pem3.oem3 (.const:ti_sysbios_heaps_HeapMem_Object__count__C)

.const:ti_sysbios_heaps_HeapMem_Object__table__C 
*          0    000004c0    00000004     
                  000004c0    00000004     empty_pem3.oem3 (.const:ti_sysbios_heaps_HeapMem_Object__table__C)

.const:ti_sysbios_heaps_HeapMem_reqAlign__C 
*          0    000004c4    00000004     
                  000004c4    00000004     empty_pem3.oem3 (.const:ti_sysbios_heaps_HeapMem_reqAlign__C)

.const:ti_sysbios_knl_Clock_serviceMargin__C 
*          0    000004c8    00000004     
                  000004c8    00000004     empty_pem3.oem3 (.const:ti_sysbios_knl_Clock_serviceMargin__C)

.const:ti_sysbios_knl_Mailbox_Object__count__C 
*          0    000004cc    00000004     
                  000004cc    00000004     empty_pem3.oem3 (.const:ti_sysbios_knl_Mailbox_Object__count__C)

.const:ti_sysbios_knl_Mailbox_Object__table__C 
*          0    000004d0    00000004     
                  000004d0    00000004     empty_pem3.oem3 (.const:ti_sysbios_knl_Mailbox_Object__table__C)

.const:ti_sysbios_knl_Queue_Object__count__C 
*          0    000004d4    00000004     
                  000004d4    00000004     empty_pem3.oem3 (.const:ti_sysbios_knl_Queue_Object__count__C)

.const:ti_sysbios_knl_Queue_Object__table__C 
*          0    000004d8    00000004     
                  000004d8    00000004     empty_pem3.oem3 (.const:ti_sysbios_knl_Queue_Object__table__C)

.const:ti_sysbios_knl_Swi_Object__count__C 
*          0    000004dc    00000004     
                  000004dc    00000004     empty_pem3.oem3 (.const:ti_sysbios_knl_Swi_Object__count__C)

.const:ti_sysbios_knl_Swi_Object__table__C 
*          0    000004e0    00000004     
                  000004e0    00000004     empty_pem3.oem3 (.const:ti_sysbios_knl_Swi_Object__table__C)

.const:ti_sysbios_knl_Swi_numPriorities__C 
*          0    000004e4    00000004     
                  000004e4    00000004     empty_pem3.oem3 (.const:ti_sysbios_knl_Swi_numPriorities__C)

.const:ti_sysbios_knl_Task_Object__count__C 
*          0    000004e8    00000004     
                  000004e8    00000004     empty_pem3.oem3 (.const:ti_sysbios_knl_Task_Object__count__C)

.const:ti_sysbios_knl_Task_Object__table__C 
*          0    000004ec    00000004     
                  000004ec    00000004     empty_pem3.oem3 (.const:ti_sysbios_knl_Task_Object__table__C)

.const:ti_sysbios_knl_Task_allBlockedFunc__C 
*          0    000004f0    00000004     
                  000004f0    00000004     empty_pem3.oem3 (.const:ti_sysbios_knl_Task_allBlockedFunc__C)

.const:ti_sysbios_knl_Task_defaultStackHeap__C 
*          0    000004f4    00000004     
                  000004f4    00000004     empty_pem3.oem3 (.const:ti_sysbios_knl_Task_defaultStackHeap__C)

.const:ti_sysbios_knl_Task_defaultStackSize__C 
*          0    000004f8    00000004     
                  000004f8    00000004     empty_pem3.oem3 (.const:ti_sysbios_knl_Task_defaultStackSize__C)

.const:ti_sysbios_knl_Task_numConstructedTasks__C 
*          0    000004fc    00000004     
                  000004fc    00000004     empty_pem3.oem3 (.const:ti_sysbios_knl_Task_numConstructedTasks__C)

.const:ti_sysbios_family_arm_cc26xx_Timer_Module__id__C 
*          0    00000502    00000002     
                  00000502    00000002     empty_pem3.oem3 (.const:ti_sysbios_family_arm_cc26xx_Timer_Module__id__C)

.const:ti_sysbios_family_arm_cc26xx_TimestampProvider_useClockTimer__C 
*          0    00000504    00000002     
                  00000504    00000002     empty_pem3.oem3 (.const:ti_sysbios_family_arm_cc26xx_TimestampProvider_useClockTimer__C)

.const:ti_sysbios_family_arm_m3_Hwi_Module__id__C 
*          0    00000506    00000002     
                  00000506    00000002     empty_pem3.oem3 (.const:ti_sysbios_family_arm_m3_Hwi_Module__id__C)

.const:ti_sysbios_gates_GateHwi_Module__id__C 
*          0    00000508    00000002     
                  00000508    00000002     empty_pem3.oem3 (.const:ti_sysbios_gates_GateHwi_Module__id__C)

.const:ti_sysbios_gates_GateMutex_Module__id__C 
*          0    0000050a    00000002     
                  0000050a    00000002     empty_pem3.oem3 (.const:ti_sysbios_gates_GateMutex_Module__id__C)

.const:ti_sysbios_heaps_HeapMem_Module__id__C 
*          0    0000050c    00000002     
                  0000050c    00000002     empty_pem3.oem3 (.const:ti_sysbios_heaps_HeapMem_Module__id__C)

.const:ti_sysbios_knl_Task_initStackFlag__C 
*          0    0000050e    00000002     
                  0000050e    00000002     empty_pem3.oem3 (.const:ti_sysbios_knl_Task_initStackFlag__C)

.const:ti_sysbios_knl_Clock_tickMode__C 
*          0    00000510    00000001     
                  00000510    00000001     empty_pem3.oem3 (.const:ti_sysbios_knl_Clock_tickMode__C)

.const:xdc_runtime_Startup_firstFxns__C 
*          0    00000514    00000008     
                  00000514    00000008     empty_pem3.oem3 (.const:xdc_runtime_Startup_firstFxns__C)

.const:xdc_runtime_Startup_lastFxns__C 
*          0    0000051c    00000008     
                  0000051c    00000008     empty_pem3.oem3 (.const:xdc_runtime_Startup_lastFxns__C)

.const:xdc_runtime_Assert_E_assertFailed__C 
*          0    00000524    00000004     
                  00000524    00000004     empty_pem3.oem3 (.const:xdc_runtime_Assert_E_assertFailed__C)

.const:xdc_runtime_Error_E_memory__C 
*          0    00000528    00000004     
                  00000528    00000004     empty_pem3.oem3 (.const:xdc_runtime_Error_E_memory__C)

.const:xdc_runtime_Error_policyFxn__C 
*          0    0000052c    00000004     
                  0000052c    00000004     empty_pem3.oem3 (.const:xdc_runtime_Error_policyFxn__C)

.const:xdc_runtime_IGateProvider_Interface__BASE__C 
*          0    00000530    00000004     
                  00000530    00000004     empty_pem3.oem3 (.const:xdc_runtime_IGateProvider_Interface__BASE__C)

.const:xdc_runtime_IHeap_Interface__BASE__C 
*          0    00000534    00000004     
                  00000534    00000004     empty_pem3.oem3 (.const:xdc_runtime_IHeap_Interface__BASE__C)

.const:xdc_runtime_IModule_Interface__BASE__C 
*          0    00000538    00000004     
                  00000538    00000004     empty_pem3.oem3 (.const:xdc_runtime_IModule_Interface__BASE__C)

.const:xdc_runtime_Main_Module__diagsEnabled__C 
*          0    0000053c    00000004     
                  0000053c    00000004     empty_pem3.oem3 (.const:xdc_runtime_Main_Module__diagsEnabled__C)

.const:xdc_runtime_Main_Module__diagsIncluded__C 
*          0    00000540    00000004     
                  00000540    00000004     empty_pem3.oem3 (.const:xdc_runtime_Main_Module__diagsIncluded__C)

.const:xdc_runtime_Main_Module__diagsMask__C 
*          0    00000544    00000004     
                  00000544    00000004     empty_pem3.oem3 (.const:xdc_runtime_Main_Module__diagsMask__C)

.const:xdc_runtime_Memory_defaultHeapInstance__C 
*          0    00000548    00000004     
                  00000548    00000004     empty_pem3.oem3 (.const:xdc_runtime_Memory_defaultHeapInstance__C)

.const:xdc_runtime_Startup_execImpl__C 
*          0    0000054c    00000004     
                  0000054c    00000004     empty_pem3.oem3 (.const:xdc_runtime_Startup_execImpl__C)

.const:xdc_runtime_Startup_maxPasses__C 
*          0    00000550    00000004     
                  00000550    00000004     empty_pem3.oem3 (.const:xdc_runtime_Startup_maxPasses__C)

.const:xdc_runtime_Startup_sfxnRts__C 
*          0    00000554    00000004     
                  00000554    00000004     empty_pem3.oem3 (.const:xdc_runtime_Startup_sfxnRts__C)

.const:xdc_runtime_Startup_sfxnTab__C 
*          0    00000558    00000004     
                  00000558    00000004     empty_pem3.oem3 (.const:xdc_runtime_Startup_sfxnTab__C)

.const:xdc_runtime_Startup_startModsFxn__C 
*          0    0000055c    00000004     
                  0000055c    00000004     empty_pem3.oem3 (.const:xdc_runtime_Startup_startModsFxn__C)

.const:xdc_runtime_SysCallback_abortFxn__C 
*          0    00000560    00000004     
                  00000560    00000004     empty_pem3.oem3 (.const:xdc_runtime_SysCallback_abortFxn__C)

.const:xdc_runtime_SysCallback_exitFxn__C 
*          0    00000564    00000004     
                  00000564    00000004     empty_pem3.oem3 (.const:xdc_runtime_SysCallback_exitFxn__C)

.const:xdc_runtime_System_abortFxn__C 
*          0    00000568    00000004     
                  00000568    00000004     empty_pem3.oem3 (.const:xdc_runtime_System_abortFxn__C)

.const:xdc_runtime_System_exitFxn__C 
*          0    0000056c    00000004     
                  0000056c    00000004     empty_pem3.oem3 (.const:xdc_runtime_System_exitFxn__C)

.const:xdc_runtime_System_maxAtexitHandlers__C 
*          0    00000570    00000004     
                  00000570    00000004     empty_pem3.oem3 (.const:xdc_runtime_System_maxAtexitHandlers__C)

.const:xdc_runtime_Text_charTab__C 
*          0    00000574    00000004     
                  00000574    00000004     empty_pem3.oem3 (.const:xdc_runtime_Text_charTab__C)

.const:xdc_runtime_Text_nameEmpty__C 
*          0    00000578    00000004     
                  00000578    00000004     empty_pem3.oem3 (.const:xdc_runtime_Text_nameEmpty__C)

.const:xdc_runtime_Text_nameStatic__C 
*          0    0000057c    00000004     
                  0000057c    00000004     empty_pem3.oem3 (.const:xdc_runtime_Text_nameStatic__C)

.const:xdc_runtime_Text_nameUnknown__C 
*          0    00000580    00000004     
                  00000580    00000004     empty_pem3.oem3 (.const:xdc_runtime_Text_nameUnknown__C)

.const:xdc_runtime_Main_Module__id__C 
*          0    00000584    00000002     
                  00000584    00000002     empty_pem3.oem3 (.const:xdc_runtime_Main_Module__id__C)

.const:xdc_runtime_Memory_Module__id__C 
*          0    00000586    00000002     
                  00000586    00000002     empty_pem3.oem3 (.const:xdc_runtime_Memory_Module__id__C)

.const:xdc_runtime_Text_charCnt__C 
*          0    00000588    00000002     
                  00000588    00000002     empty_pem3.oem3 (.const:xdc_runtime_Text_charCnt__C)

.const:xdc_runtime_Text_isLoaded__C 
*          0    0000058a    00000002     
                  0000058a    00000002     empty_pem3.oem3 (.const:xdc_runtime_Text_isLoaded__C)

.const:ti_sysbios_rom_ROM_AONRTCChannelEnable 
*          0    00000590    00000004     
                  00000590    00000004     empty_pem3.oem3 (.const:ti_sysbios_rom_ROM_AONRTCChannelEnable)

.const:ti_sysbios_rom_ROM_AONRTCCompareValueSet 
*          0    00000594    00000004     
                  00000594    00000004     empty_pem3.oem3 (.const:ti_sysbios_rom_ROM_AONRTCCompareValueSet)

.const:ti_sysbios_rom_ROM_AONRTCCurrentCompareValueGet 
*          0    00000598    00000004     
                  00000598    00000004     empty_pem3.oem3 (.const:ti_sysbios_rom_ROM_AONRTCCurrentCompareValueGet)

.const:ti_sysbios_rom_ROM_AONRTCEventClear 
*          0    0000059c    00000004     
                  0000059c    00000004     empty_pem3.oem3 (.const:ti_sysbios_rom_ROM_AONRTCEventClear)

.const:ti_sysbios_rom_ROM_ti_sysbios_family_arm_cc26xx_Timer_getCount64__E 
*          0    000005a0    00000004     
                  000005a0    00000004     empty_pem3.oem3 (.const:ti_sysbios_rom_ROM_ti_sysbios_family_arm_cc26xx_Timer_getCount64__E)

.const:ti_sysbios_rom_ROM_ti_sysbios_family_arm_cc26xx_Timer_getCurrentTick__E 
*          0    000005a4    00000004     
                  000005a4    00000004     empty_pem3.oem3 (.const:ti_sysbios_rom_ROM_ti_sysbios_family_arm_cc26xx_Timer_getCurrentTick__E)

.const:ti_sysbios_rom_ROM_ti_sysbios_family_arm_cc26xx_Timer_getMaxTicks__E 
*          0    000005a8    00000004     
                  000005a8    00000004     empty_pem3.oem3 (.const:ti_sysbios_rom_ROM_ti_sysbios_family_arm_cc26xx_Timer_getMaxTicks__E)

.const:ti_sysbios_rom_ROM_ti_sysbios_family_arm_cc26xx_Timer_setNextTick__E 
*          0    000005b0    00000004     
                  000005b0    00000004     empty_pem3.oem3 (.const:ti_sysbios_rom_ROM_ti_sysbios_family_arm_cc26xx_Timer_setNextTick__E)

.const:ti_sysbios_rom_ROM_ti_sysbios_family_arm_cc26xx_Timer_setThreshold__I 
*          0    000005b4    00000004     
                  000005b4    00000004     empty_pem3.oem3 (.const:ti_sysbios_rom_ROM_ti_sysbios_family_arm_cc26xx_Timer_setThreshold__I)

.const:ti_sysbios_rom_ROM_ti_sysbios_family_arm_cc26xx_Timer_start__E 
*          0    000005b8    00000004     
                  000005b8    00000004     empty_pem3.oem3 (.const:ti_sysbios_rom_ROM_ti_sysbios_family_arm_cc26xx_Timer_start__E)

.const:ti_sysbios_rom_ROM_ti_sysbios_family_arm_cc26xx_TimestampProvider_get32__E 
*          0    000005bc    00000004     
                  000005bc    00000004     empty_pem3.oem3 (.const:ti_sysbios_rom_ROM_ti_sysbios_family_arm_cc26xx_TimestampProvider_get32__E)

.const:ti_sysbios_rom_ROM_xdc_runtime_Startup_getState__I 
*          0    000005c0    00000004     
                  000005c0    00000004     empty_pem3.oem3 (.const:ti_sysbios_rom_ROM_xdc_runtime_Startup_getState__I)

.const:ti_sysbios_rom_ROM_xdc_runtime_System_SupportProxy_abort__E 
*          0    000005c4    00000004     
                  000005c4    00000004     empty_pem3.oem3 (.const:ti_sysbios_rom_ROM_xdc_runtime_System_SupportProxy_abort__E)

.const:ti_sysbios_rom_ROM_xdc_runtime_System_SupportProxy_exit__E 
*          0    000005c8    00000004     
                  000005c8    00000004     empty_pem3.oem3 (.const:ti_sysbios_rom_ROM_xdc_runtime_System_SupportProxy_exit__E)

.const:ti_sysbios_knl_Clock_Module_State_clockQ__O 
*          0    000005d0    00000004     
                  000005d0    00000004     empty_pem3.oem3 (.const:ti_sysbios_knl_Clock_Module_State_clockQ__O)

.const:ti_sysbios_knl_Mailbox_Instance_State_dataSem__O 
*          0    000005d8    00000004     
                  000005d8    00000004     empty_pem3.oem3 (.const:ti_sysbios_knl_Mailbox_Instance_State_dataSem__O)

.const:ti_sysbios_knl_Mailbox_Instance_State_freeQue__O 
*          0    000005dc    00000004     
                  000005dc    00000004     empty_pem3.oem3 (.const:ti_sysbios_knl_Mailbox_Instance_State_freeQue__O)

.const:ti_sysbios_knl_Mailbox_Instance_State_freeSem__O 
*          0    000005e0    00000004     
                  000005e0    00000004     empty_pem3.oem3 (.const:ti_sysbios_knl_Mailbox_Instance_State_freeSem__O)

.const:ti_sysbios_knl_Semaphore_Instance_State_pendQ__O 
*          0    000005e4    00000004     
                  000005e4    00000004     empty_pem3.oem3 (.const:ti_sysbios_knl_Semaphore_Instance_State_pendQ__O)

.data:ti_sysbios_knl_Task_Module__state__V 
*          0    20000100    00000044     UNINITIALIZED
                  20000100    00000044     empty_pem3.oem3 (.data:ti_sysbios_knl_Task_Module__state__V)

.data:ti_sysbios_family_arm_m3_Hwi_Module__state__V 
*          0    20000144    00000034     UNINITIALIZED
                  20000144    00000034     empty_pem3.oem3 (.data:ti_sysbios_family_arm_m3_Hwi_Module__state__V)

.data:ti_sysbios_BIOS_Module__state__V 
*          0    200001a4    00000024     UNINITIALIZED
                  200001a4    00000024     empty_pem3.oem3 (.data:ti_sysbios_BIOS_Module__state__V)

.data:ti_sysbios_knl_Swi_Module__state__V 
*          0    200001c8    0000001c     UNINITIALIZED
                  200001c8    0000001c     empty_pem3.oem3 (.data:ti_sysbios_knl_Swi_Module__state__V)

.data:ti_sysbios_family_arm_cc26xx_Timer_Module__state__V 
*          0    200001e4    00000008     UNINITIALIZED
                  200001e4    00000008     empty_pem3.oem3 (.data:ti_sysbios_family_arm_cc26xx_Timer_Module__state__V)

.data:xdc_runtime_System_Module__state__V 
*          0    200001f8    00000008     UNINITIALIZED
                  200001f8    00000008     empty_pem3.oem3 (.data:xdc_runtime_System_Module__state__V)

.bss       0    20000208    00001ca3     UNINITIALIZED
                  20000208    00000800     (.common:sensorTaskStack)
                  20000a08    00000800     (.common:uartTaskStack)
                  20001208    00000400     (.common:ti_sysbios_heaps_HeapMem_Instance_State_0_buf__A)
                  20001608    00000200     empty_pem3.oem3 (.bss:taskStackSection)
                  20001808    00000120     rtsv7M3_T_le_eabi.lib : trgmsg.c.obj (.bss:_CIOBUF_)
                  20001928    000000e0     (.common:i2cCC26xxObjects)
                  20001a08    000000c8     (.common:ti_sysbios_family_arm_m3_Hwi_dispatchTable)
                  20001ad0    00000098     CWC_CC2650_154Drv.obj (.bss:rx_buf_0)
                  20001b68    00000098     CWC_CC2650_154Drv.obj (.bss:rx_buf_1)
                  20001c00    00000080     (.common:xdc_runtime_SysMin_Module_State_0_outbuf__A)
                  20001c80    0000007c     drivers_cc26xxware.aem3 : PINCC26XX.oem3 (.bss:PIN_HandleTable)
                  20001cfc    00000004     (.common:PIN_NumPins)
                  20001d00    00000040     CWC_CC2650_154Drv.obj (.bss:rfc_CMD_IEEE_RX)
                  20001d40    00000034     drivers_cc26xxware.aem3 : PINCC26XX.oem3 (.bss:PinSwi)
                  20001d74    0000002c     (.common:cpe0Params)
                  20001da0    0000002c     (.common:cpe1Params)
                  20001dcc    00000020     (.common:PinGpioConfigTable)
                  20001dec    0000001c     (.common:PinHwi)
                  20001e08    0000001c     (.common:PinSem)
                  20001e24    00000018     CWC_CC2650_154Drv.obj (.bss:rfc_CMD_RADIO_SETUP)
                  20001e3c    00000014     driverlib.lib : osc.obj (.bss:oscHfGlobals)
                  20001e50    0000000c     project_main.obj (.bss:buttonState)
                  20001e5c    0000000c     project_main.obj (.bss:ledState)
                  20001e68    0000000c     CWC_CC2650_154Drv.obj (.bss:my_CC2650_Status)
                  20001e74    0000000a     CWC_CC2650_154Drv.obj (.bss:rfc_CMD_GET_FW_INFO)
                  20001e7e    00000002     CWC_CC2650_154Drv.obj (.bss:rfc_CMD_PING)
                  20001e80    00000008     driverlib.lib : sys_ctrl.obj (.bss:powerQualGlobals)
                  20001e88    00000008     project_main.obj (.bss)
                  20001e90    00000008     (.common:parmbuf)
                  20001e98    00000004     (.common:cpe0Handle)
                  20001e9c    00000004     (.common:cpe1Handle)
                  20001ea0    00000004     (.common:pPinGpio)
                  20001ea4    00000004     (.common:rx_read_entry)
                  20001ea8    00000002     CWC_CC2650_154Drv.obj (.bss:rfc_CMD_START_RAT)
                  20001eaa    00000001     (.common:driverlib_release_0_47020)

.data      0    20001eb0    00000416     UNINITIALIZED
                  20001eb0    00000110     drivers_cc26xxware.aem3 : PowerCC26XX.oem3 (.data:PowerCC26XX_module)
                  20001fc0    0000007d     CWC_CC2650_154Drv.obj (.data:IEEE154_packet)
                  2000203d    00000003     comm_lib.obj (.data)
                  20002040    0000004c     empty_pem3.oem3 (.data:ti_sysbios_knl_Task_Object__table__V)
                  2000208c    00000004     drivers_cc26xxware.aem3 : I2C.oem3 (.data)
                  20002090    00000048     empty_pem3.oem3 (.data:ti_sysbios_family_arm_cc26xx_Timer_Object__table__V)
                  200020d8    00000038     empty_pem3.oem3 (.data:ti_sysbios_gates_GateMutex_Object__table__V)
                  20002110    00000030     empty_pem3.oem3 (.data:ti_sysbios_knl_Swi_Module_State_0_readyQ__A)
                  20002140    00000030     empty_pem3.oem3 (.data:ti_sysbios_knl_Swi_Object__table__V)
                  20002170    0000002c     CWC_CC2650_154Drv.obj (.data:ieee_overrides)
                  2000219c    00000020     empty_pem3.oem3 (.data:ti_sysbios_knl_Clock_Object__table__V)
                  200021bc    00000020     empty_pem3.oem3 (.data:ti_sysbios_knl_Task_Module_State_0_readyQ__A)
                  200021dc    00000018     empty_pem3.oem3 (.data:ti_sysbios_family_arm_m3_Hwi_Object__table__V)
                  200021f4    00000018     empty_pem3.oem3 (.data:ti_sysbios_heaps_HeapMem_Object__table__V)
                  2000220c    00000004     rtsv7M3_T_le_eabi.lib : errno.c.obj (.data)
                  20002210    00000010     project_main.obj (.data)
                  20002220    0000000c     empty_pem3.oem3 (.data:xdc_runtime_SysMin_Module__state__V)
                  2000222c    00000008     rtsv7M3_T_le_eabi.lib : _lock.c.obj (.data:$O1$$)
[...]
1001c12f  ti_sysbios_family_arm_cc26xx_TimestampProvider_getFreq__E                 
1001c12f  xdc_runtime_Timestamp_SupportProxy_getFreq__E                             
1001c12f  xdc_runtime_Timestamp_SupportProxy_getFreq__E__mangled__                  
1001c12f  xdc_runtime_Timestamp_getFreq__E                                          
1001c12f  xdc_runtime_Timestamp_getFreq__E                                          
1001c13d  ti_sysbios_family_arm_m3_Hwi_Params__init__S                              
1001c13d  ti_sysbios_hal_Hwi_HwiProxy_Params__init__S                               
1001c13d  ti_sysbios_hal_Hwi_HwiProxy_Params__init__S__mangled__                    
1001c149  ti_sysbios_family_arm_m3_Hwi_disableFxn__E                                
1001c155  ti_sysbios_family_arm_m3_Hwi_enableFxn__E                                 
1001c161  ti_sysbios_family_arm_m3_TaskSupport_getStackAlignment__E                 
1001c161  ti_sysbios_knl_Task_SupportProxy_getStackAlignment__E__mangled__          
1001c16d  ti_sysbios_gates_GateHwi_enter__E                                         
1001c179  ti_sysbios_BIOS_RtsGateProxy_Params__init__S                              
1001c179  ti_sysbios_BIOS_RtsGateProxy_Params__init__S__mangled__                   
1001c179  ti_sysbios_gates_GateMutex_Params__init__S                                
1001c179  ti_sysbios_heaps_HeapMem_Module_GateProxy_Params__init__S                 
1001c179  ti_sysbios_heaps_HeapMem_Module_GateProxy_Params__init__S__mangled__      
1001c185  ti_sysbios_knl_Clock_Params__init__S                                      
1001c191  ti_sysbios_knl_Clock_getTimerHandle__E                                    
1001c19d  ti_sysbios_knl_Mailbox_Params__init__S                                    
1001c1a9  ti_sysbios_knl_Queue_dequeue__E                                           
1001c1b5  ti_sysbios_knl_Queue_enqueue__E                                           
1001c1c1  ti_sysbios_knl_Semaphore_Params__init__S                                  
1001c1cd  ti_sysbios_knl_Swi_Params__init__S                                        
1001c1d9  ti_sysbios_knl_Task_Params__init__S                                       
1001c1e5  ti_sysbios_knl_Task_self__E                                               
1001c1f1  ti_sysbios_hal_Hwi_Instance_finalize__E                                   
1001c1fb  ti_sysbios_family_arm_m3_Hwi_doSwiRestore__I                              
1001c203  ti_sysbios_family_arm_m3_Hwi_startup__E                                   
1001c203  ti_sysbios_hal_Hwi_HwiProxy_startup__E__mangled__                         
1001c20b  ti_sysbios_knl_Idle_loop__E                                               
1001c213  ti_sysbios_family_arm_m3_Hwi_doTaskRestore__I                             
1001c219  HwiP_restore                                                              
1001c219  ti_sysbios_family_arm_m3_Hwi_restoreFxn__E                                
1001c21f  ti_sysbios_gates_GateHwi_leave__E                                         
1001c22b  ti_sysbios_knl_Queue_Instance_init__E                                     
1001c231  ti_sysbios_knl_Queue_elemClear__E                                         
1001c237  ti_sysbios_knl_Swi_Module_startup__E                                      
1001c23d  ti_sysbios_knl_Swi_startup__E                                             
1001c243  ti_sysbios_knl_Task_enable__E                                             
1001c249  ti_sysbios_BIOS_RtsGateProxy_enter__E                                     
1001c24d  ti_sysbios_BIOS_RtsGateProxy_leave__E                                     
1001c251  ti_sysbios_family_arm_cc26xx_Timer_getExpiredTicks__E                     
1001c255  ti_sysbios_family_arm_cc26xx_Timer_getPeriod__E                           
1001c259  ti_sysbios_family_arm_cc26xx_Timer_setPeriod__E                           
1001c25d  ti_sysbios_family_arm_m3_Hwi_delete                                       
1001c261  ti_sysbios_family_arm_m3_Hwi_destruct                                     
1001c265  ti_sysbios_family_arm_m3_TaskSupport_Module__startupDone__S               
1001c265  ti_sysbios_knl_Task_SupportProxy_Module__startupDone__S__mangled__        
1001c269  ti_sysbios_gates_GateHwi_query__E                                         
1001c269  xdc_runtime_Main_Module_GateProxy_query__E                                
1001c269  xdc_runtime_System_Module_GateProxy_query__E                              
1001c269  xdc_runtime_System_Module_GateProxy_query__E__mangled__                   
1001c26d  ti_sysbios_gates_GateMutex_delete                                         
1001c271  ti_sysbios_gates_GateMutex_destruct                                       
1001c275  ti_sysbios_BIOS_RtsGateProxy_query__E                                     
1001c275  ti_sysbios_BIOS_RtsGateProxy_query__E__mangled__                          
1001c275  ti_sysbios_gates_GateMutex_query__E                                       
1001c275  ti_sysbios_heaps_HeapMem_Module_GateProxy_query__E                        
1001c275  ti_sysbios_heaps_HeapMem_Module_GateProxy_query__E__mangled__             
1001c279  ti_sysbios_hal_Hwi_HwiProxy_Module__startupDone__S                        
1001c27d  ti_sysbios_hal_Hwi_HwiProxy_delete                                        
1001c281  ti_sysbios_hal_Hwi_HwiProxy_disableInterrupt__E                           
1001c281  ti_sysbios_hal_Hwi_disableInterrupt__E                                    
1001c281  ti_sysbios_hal_Hwi_disableInterrupt__E                                    
1001c285  ti_sysbios_hal_Hwi_HwiProxy_enableInterrupt__E                            
1001c285  ti_sysbios_hal_Hwi_enableInterrupt__E                                     
1001c285  ti_sysbios_hal_Hwi_enableInterrupt__E                                     
1001c289  ti_sysbios_hal_Hwi_HwiProxy_getStackInfo__E                               
1001c289  ti_sysbios_hal_Hwi_getStackInfo__E                                        
1001c289  ti_sysbios_hal_Hwi_getStackInfo__E                                        
1001c28d  ti_sysbios_hal_Hwi_HwiProxy_startup__E                                    
1001c28d  ti_sysbios_hal_Hwi_startup__E                                             
1001c28d  ti_sysbios_hal_Hwi_startup__E                                             
1001c291  ti_sysbios_hal_Hwi_HwiProxy_switchFromBootStack__E                        
1001c295  ti_sysbios_hal_Hwi_delete                                                 
1001c299  ti_sysbios_hal_Hwi_switchFromBootStack__E                                 
1001c299  ti_sysbios_hal_Hwi_switchFromBootStack__E                                 
1001c29d  ti_sysbios_heaps_HeapMem_Module_GateProxy_enter__E                        
1001c2a1  ti_sysbios_heaps_HeapMem_Module_GateProxy_leave__E                        
1001c2a5  ti_sysbios_heaps_HeapMem_isBlocking__E                                    
1001c2a9  ti_sysbios_knl_Clock_TimerProxy_Module__startupDone__S                    
1001c2ad  ti_sysbios_knl_Clock_TimerProxy_getExpiredTicks__E                        
1001c2b1  ti_sysbios_knl_Clock_TimerProxy_getPeriod__E                              
1001c2b5  ti_sysbios_knl_Clock_delete                                               
1001c2b9  ti_sysbios_knl_Clock_destruct                                             
1001c2bd  ti_sysbios_knl_Clock_removeI__E                                           
1001c2c1  ti_sysbios_knl_Clock_setTimeout__E                                        
1001c2c5  ti_sysbios_knl_Mailbox_delete                                             
1001c2c9  ti_sysbios_knl_Mailbox_destruct                                           
1001c2cd  ti_sysbios_knl_Queue_delete                                               
1001c2d1  ti_sysbios_knl_Queue_destruct                                             
1001c2d5  ti_sysbios_knl_Queue_head__E                                              
1001c2d9  ti_sysbios_knl_Queue_next__E                                              
1001c2dd  ti_sysbios_knl_Semaphore_delete                                           
1001c2e1  ti_sysbios_knl_Semaphore_destruct                                         
1001c2e5  ti_sysbios_knl_Swi_delete                                                 
1001c2e9  ti_sysbios_knl_Swi_destruct                                               
1001c2ed  ti_sysbios_knl_Swi_postInit__I                                            
1001c2f1  ti_sysbios_knl_Task_SupportProxy_Module__startupDone__S                   
1001c2f5  ti_sysbios_knl_Task_SupportProxy_getStackAlignment__E                     
1001c2f9  ti_sysbios_knl_Task_SupportProxy_start__E                                 
1001c2fd  ti_sysbios_knl_Task_SupportProxy_swap__E                                  
1001c301  ti_sysbios_knl_Task_delete                                                
1001c305  ti_sysbios_knl_Task_destruct                                              
1001c309  ti_sysbios_knl_Task_startup__E                                            
1001c30d  xdc_runtime_Startup_startMods__I                                          
1001c405  xdc_runtime_Core_createObject__I                                          
1001c487  xdc_runtime_Error_policySpin__E                                           
1001c489  xdc_runtime_Memory_alloc__E                                               
1001c4f9  xdc_runtime_Core_deleteObject__I                                          
1001c559  xdc_runtime_Startup_exec__E                                               
1001c5a9  xdc_runtime_Assert_raise__I                                               
1001c5f1  xdc_runtime_Core_assignParams__I                                          
1001c639  xdc_runtime_Core_constructObject__I                                       
1001c681  xdc_runtime_System_atexit__E                                              
1001c6b9  xdc_runtime_System_processAtExit__E                                       
1001c6ed  xdc_runtime_Core_assignLabel__I                                           
1001c71d  xdc_runtime_Text_cordText__E                                              
1001c749  xdc_runtime_System_abort__E                                               
1001c769  xdc_runtime_Error_raiseX__E                                               
1001c785  xdc_runtime_Memory_valloc__E                                              
1001c7a1  xdc_runtime_Core_destructObject__I                                        
1001c7b9  xdc_runtime_Error_check__E                                                
1001c7d1  xdc_runtime_System_exit__E                                                
1001c7e9  xdc_runtime_Text_ropeText__E                                              
1001c801  xdc_runtime_Memory_free__E                                                
1001c811  xdc_runtime_SysCallback_abort__E                                          
1001c821  xdc_runtime_SysCallback_exit__E                                           
1001c831  xdc_runtime_Timestamp_SupportProxy_get32__E                               
1001c831  xdc_runtime_Timestamp_get32__E                                            
1001c831  xdc_runtime_Timestamp_get32__E                                            
1001c841  xdc_runtime_Error_init__E                                                 
1001c84d  xdc_runtime_Memory_calloc__E                                              
1001c859  xdc_runtime_Memory_getMaxDefaultTypeAlign__E                              
1001c879  xdc_runtime_Gate_leaveSystem__E                                           
1001c87f  xdc_runtime_System_Module_startup__E                                      
1001c885  xdc_runtime_Gate_enterSystem__E                                           
1001c889  xdc_runtime_Memory_HeapProxy_alloc__E                                     
1001c88d  xdc_runtime_Memory_HeapProxy_free__E                                      
1001c891  xdc_runtime_System_Module_GateProxy_enter__E                              
1001c895  xdc_runtime_System_Module_GateProxy_leave__E                              
1001c899  xdc_runtime_System_abortSpin__E                                           
1001c89b  xdc_runtime_System_exitSpin__E                                            
1001c89d  ti_sysbios_family_arm_m3_Hwi_dispatch__I                                  
1001c96d  ti_sysbios_family_arm_m3_TaskSupport_buildTaskStack                       
1001c9b9  ti_sysbios_family_arm_m3_Hwi_initStacks__E                                
1001ca01  ti_sysbios_family_arm_m3_Hwi_excHandlerAsm__I                             
1001ca21  ti_sysbios_family_xxx_Hwi_switchAndRunFunc                                
1001ca3f  ti_sysbios_family_arm_m3_Hwi_pendSV__I                                    
1001ca57  ti_sysbios_family_arm_m3_Hwi_return                                       
1001ca59  ti_sysbios_family_arm_m3_TaskSupport_glue                                 
1001ca69  ti_sysbios_family_arm_m3_TaskSupport_swap__E                              
1001ca69  ti_sysbios_knl_Task_SupportProxy_swap__E__mangled__                       
1001ca71  ti_sysbios_knl_Task_swapReturn                                            
1001ca9b  ti_sysbios_rom_cortexm_cc26xx_CC26xx_getRevision__E                       
20000000  __start___llvm_prf_cnts                                                   
20000000  __stop___llvm_prf_cnts                                                    
20000000  ti_sysbios_family_arm_m3_Hwi_ramVectors                                   
20000100  ti_sysbios_knl_Task_Module__state__V                                      
20000144  ti_sysbios_family_arm_m3_Hwi_Module__state__V                             
20000178  ti_sysbios_knl_Clock_Module__state__V                                     
200001a4  ti_sysbios_BIOS_Module__state__V                                          
200001c8  ti_sysbios_knl_Swi_Module__state__V                                       
200001e4  ti_sysbios_family_arm_cc26xx_Timer_Module__state__V                       
200001ec  ti_sysbios_family_arm_cc26xx_TimestampProvider_Module__state__V           
200001f0  xdc_runtime_Startup_Module__state__V                                      
200001f8  xdc_runtime_System_Module__state__V                                       
20000200  xdc_runtime_Memory_Module__state__V                                       
20000208  sensorTaskStack                                                           
20000a08  uartTaskStack                                                             
20001208  ti_sysbios_heaps_HeapMem_Instance_State_0_buf__A                          
20001608  ti_sysbios_knl_Task_Instance_State_0_stack__A                             
20001808  __CIOBUF_                                                                 
20001928  i2cCC26xxObjects                                                          
20001a08  ti_sysbios_family_arm_m3_Hwi_dispatchTable                                
20001c00  xdc_runtime_SysMin_Module_State_0_outbuf__A                               
20001c80  PIN_HandleTable                                                           
20001cfc  PIN_NumPins                                                               
20001d74  cpe0Params                                                                
20001da0  cpe1Params                                                                
20001e90  parmbuf                                                                   
20001e98  cpe0Handle                                                                
20001e9c  cpe1Handle                                                                
20001ea4  rx_read_entry                                                             
20001eaa  driverlib_release_0_47020                                                 
20001eb0  PowerCC26XX_module                                                        
2000203f  rssi                                                                      
20002040  ti_sysbios_knl_Task_Object__table__V                                      
20002090  ti_sysbios_family_arm_cc26xx_Timer_Object__table__V                       
200020d8  ti_sysbios_gates_GateMutex_Object__table__V                               
20002110  ti_sysbios_knl_Swi_Module_State_0_readyQ__A                               
20002140  ti_sysbios_knl_Swi_Object__table__V                                       
2000219c  ti_sysbios_knl_Clock_Object__table__V                                     
200021bc  ti_sysbios_knl_Task_Module_State_0_readyQ__A                              
200021dc  ti_sysbios_family_arm_m3_Hwi_Object__table__V                             
200021f4  ti_sysbios_heaps_HeapMem_Object__table__V                                 
2000220c  errno                                                                     
20002210  programState                                                              
20002218  ambientLight                                                              
20002220  xdc_runtime_SysMin_Module__state__V                                       
2000222c  _lock                                                                     
20002230  _unlock                                                                   
20002234  buttonConfig                                                              
2000223c  ledConfig                                                                 
2000224c  ti_sysbios_family_arm_m3_Hwi_Module__root__V                              
20002254  ti_sysbios_gates_GateHwi_Module__root__V                                  
2000225c  ti_sysbios_gates_GateMutex_Module__root__V                                
20002264  ti_sysbios_hal_Hwi_Module__root__V                                        
2000226c  ti_sysbios_heaps_HeapMem_Module__root__V                                  
20002274  ti_sysbios_knl_Clock_Module__root__V                                      
2000227c  ti_sysbios_knl_Mailbox_Module__root__V                                    
20002284  ti_sysbios_knl_Queue_Module__root__V                                      
2000228c  ti_sysbios_knl_Semaphore_Module__root__V                                  
20002294  ti_sysbios_knl_Swi_Module__root__V                                        
2000229c  ti_sysbios_knl_Task_Module__root__V                                       
200022a4  xdc_runtime_Registry_Module__state__V                                     
200022ac  xdc_runtime_System_Module_State_0_atexitHandlers__A                       
200022b4  main_func_sp                                                              
200022b8  ti_sysbios_family_arm_m3_Hwi_Module_State_0_excContext__A                 
200022bc  ti_sysbios_family_arm_m3_Hwi_Module_State_0_excStack__A                   
200022c0  ti_sysbios_knl_Task_Module_State_0_idleTask__A                            
200022c4  ti_sysbios_family_arm_m3_Hwi_Module_State_0_excActive__A                  
20004d00  __stack                                                                   
20005000  __STACK_END                                                               
e000e000  ti_sysbios_family_arm_m3_Hwi_nvic                                         
ffffffff  __TI_pprof_out_hndl                                                       
ffffffff  __TI_prof_data_size                                                       
ffffffff  __TI_prof_data_start                                                      
ffffffff  __binit__                                                                 
ffffffff  __c_args__                                                                
ffffffff  binit                                                                     
UNDEFED   SHT$$INIT_ARRAY$$Base                                                     
UNDEFED   SHT$$INIT_ARRAY$$Limit                                                    

[808 symbols]
